Archive member included to satisfy reference by file (symbol)

D:/Programs/sc-dt/riscv-gcc/bin/../lib/gcc/riscv64-unknown-elf/14.2.0/../../../../riscv64-unknown-elf/lib/rv32imfc_zicsr/ilp32f\libc.a(libc_a-memset.o)
                              ./platform/source/sys_init.o (symbol from plugin) (memset)
D:/Programs/sc-dt/riscv-gcc/bin/../lib/gcc/riscv64-unknown-elf/14.2.0/../../../../riscv64-unknown-elf/lib/rv32imfc_zicsr/ilp32f\libc.a(libc_a-memcpy.o)
                              ./platform/source/sys_init.o (symbol from plugin) (memcpy)
D:/Programs/sc-dt/riscv-gcc/bin/../lib/gcc/riscv64-unknown-elf/14.2.0/rv32imfc_zicsr/ilp32f\libgcc.a(_udivdi3.o)
                              C:\Users\admin\AppData\Local\Temp\cc9aECiR.ltrans0.ltrans.o (__udivdi3)
D:/Programs/sc-dt/riscv-gcc/bin/../lib/gcc/riscv64-unknown-elf/14.2.0/rv32imfc_zicsr/ilp32f\libgcc.a(_clz.o)
                              D:/Programs/sc-dt/riscv-gcc/bin/../lib/gcc/riscv64-unknown-elf/14.2.0/rv32imfc_zicsr/ilp32f\libgcc.a(_udivdi3.o) (__clz_tab)

Discarded input sections

 .text          0x00000000        0x0 C:\Users\admin\AppData\Local\Temp\cc9aECiR.ltrans0.ltrans.o
 .bss           0x00000000        0x0 C:\Users\admin\AppData\Local\Temp\cc9aECiR.ltrans0.ltrans.o
 .group         0x00000000        0xc C:\Users\admin\AppData\Local\Temp\ccT953sh.debug.temp.o
 .group         0x00000000        0xc C:\Users\admin\AppData\Local\Temp\ccT953sh.debug.temp.o
 .group         0x00000000        0xc C:\Users\admin\AppData\Local\Temp\ccT953sh.debug.temp.o
 .group         0x00000000        0xc C:\Users\admin\AppData\Local\Temp\ccT953sh.debug.temp.o
 .group         0x00000000        0xc C:\Users\admin\AppData\Local\Temp\ccT953sh.debug.temp.o
 .group         0x00000000        0xc C:\Users\admin\AppData\Local\Temp\ccT953sh.debug.temp.o
 .group         0x00000000        0xc C:\Users\admin\AppData\Local\Temp\ccT953sh.debug.temp.o
 .group         0x00000000        0xc C:\Users\admin\AppData\Local\Temp\ccT953sh.debug.temp.o
 .group         0x00000000        0xc C:\Users\admin\AppData\Local\Temp\ccT953sh.debug.temp.o
 .group         0x00000000        0xc C:\Users\admin\AppData\Local\Temp\ccT953sh.debug.temp.o
 .group         0x00000000        0xc C:\Users\admin\AppData\Local\Temp\ccT953sh.debug.temp.o
 .group         0x00000000        0xc C:\Users\admin\AppData\Local\Temp\ccT953sh.debug.temp.o
 .group         0x00000000        0xc C:\Users\admin\AppData\Local\Temp\ccT953sh.debug.temp.o
 .group         0x00000000        0xc C:\Users\admin\AppData\Local\Temp\ccT953sh.debug.temp.o
 .group         0x00000000        0xc C:\Users\admin\AppData\Local\Temp\ccT953sh.debug.temp.o
 .group         0x00000000        0xc C:\Users\admin\AppData\Local\Temp\ccT953sh.debug.temp.o
 .group         0x00000000        0xc C:\Users\admin\AppData\Local\Temp\ccT953sh.debug.temp.o
 .group         0x00000000        0xc C:\Users\admin\AppData\Local\Temp\ccT953sh.debug.temp.o
 .group         0x00000000        0xc C:\Users\admin\AppData\Local\Temp\ccT953sh.debug.temp.o
 .comment       0x00000000       0x13 C:\Users\admin\AppData\Local\Temp\ccT953sh.debug.temp.o
 .note.GNU-stack
                0x00000000        0x0 C:\Users\admin\AppData\Local\Temp\ccT953sh.debug.temp.o
 .group         0x00000000        0xc C:\Users\admin\AppData\Local\Temp\ccQ1Rvn0.debug.temp.o
 .group         0x00000000        0xc C:\Users\admin\AppData\Local\Temp\ccQ1Rvn0.debug.temp.o
 .group         0x00000000        0xc C:\Users\admin\AppData\Local\Temp\ccQ1Rvn0.debug.temp.o
 .group         0x00000000        0xc C:\Users\admin\AppData\Local\Temp\ccQ1Rvn0.debug.temp.o
 .group         0x00000000        0xc C:\Users\admin\AppData\Local\Temp\ccQ1Rvn0.debug.temp.o
 .group         0x00000000        0xc C:\Users\admin\AppData\Local\Temp\ccQ1Rvn0.debug.temp.o
 .group         0x00000000        0xc C:\Users\admin\AppData\Local\Temp\ccQ1Rvn0.debug.temp.o
 .group         0x00000000        0xc C:\Users\admin\AppData\Local\Temp\ccQ1Rvn0.debug.temp.o
 .group         0x00000000        0xc C:\Users\admin\AppData\Local\Temp\ccQ1Rvn0.debug.temp.o
 .group         0x00000000        0xc C:\Users\admin\AppData\Local\Temp\ccQ1Rvn0.debug.temp.o
 .group         0x00000000        0xc C:\Users\admin\AppData\Local\Temp\ccQ1Rvn0.debug.temp.o
 .group         0x00000000        0xc C:\Users\admin\AppData\Local\Temp\ccQ1Rvn0.debug.temp.o
 .group         0x00000000        0xc C:\Users\admin\AppData\Local\Temp\ccQ1Rvn0.debug.temp.o
 .group         0x00000000        0xc C:\Users\admin\AppData\Local\Temp\ccQ1Rvn0.debug.temp.o
 .group         0x00000000        0xc C:\Users\admin\AppData\Local\Temp\ccQ1Rvn0.debug.temp.o
 .group         0x00000000        0xc C:\Users\admin\AppData\Local\Temp\ccQ1Rvn0.debug.temp.o
 .group         0x00000000        0xc C:\Users\admin\AppData\Local\Temp\ccQ1Rvn0.debug.temp.o
 .group         0x00000000        0xc C:\Users\admin\AppData\Local\Temp\ccQ1Rvn0.debug.temp.o
 .group         0x00000000        0xc C:\Users\admin\AppData\Local\Temp\ccQ1Rvn0.debug.temp.o
 .debug_info    0x00000000      0x528 C:\Users\admin\AppData\Local\Temp\ccQ1Rvn0.debug.temp.o
 .debug_abbrev  0x00000000      0x127 C:\Users\admin\AppData\Local\Temp\ccQ1Rvn0.debug.temp.o
 .debug_macro   0x00000000       0xef C:\Users\admin\AppData\Local\Temp\ccQ1Rvn0.debug.temp.o
 .debug_macro   0x00000000      0x7f0 C:\Users\admin\AppData\Local\Temp\ccQ1Rvn0.debug.temp.o
 .debug_macro   0x00000000       0x1c C:\Users\admin\AppData\Local\Temp\ccQ1Rvn0.debug.temp.o
 .debug_macro   0x00000000       0x22 C:\Users\admin\AppData\Local\Temp\ccQ1Rvn0.debug.temp.o
 .debug_macro   0x00000000       0x8e C:\Users\admin\AppData\Local\Temp\ccQ1Rvn0.debug.temp.o
 .debug_macro   0x00000000       0x51 C:\Users\admin\AppData\Local\Temp\ccQ1Rvn0.debug.temp.o
 .debug_macro   0x00000000      0x103 C:\Users\admin\AppData\Local\Temp\ccQ1Rvn0.debug.temp.o
 .debug_macro   0x00000000       0x6a C:\Users\admin\AppData\Local\Temp\ccQ1Rvn0.debug.temp.o
 .debug_macro   0x00000000      0x1df C:\Users\admin\AppData\Local\Temp\ccQ1Rvn0.debug.temp.o
 .debug_macro   0x00000000     0x6f67 C:\Users\admin\AppData\Local\Temp\ccQ1Rvn0.debug.temp.o
 .debug_macro   0x00000000       0x40 C:\Users\admin\AppData\Local\Temp\ccQ1Rvn0.debug.temp.o
 .debug_macro   0x00000000       0x10 C:\Users\admin\AppData\Local\Temp\ccQ1Rvn0.debug.temp.o
 .debug_macro   0x00000000       0x22 C:\Users\admin\AppData\Local\Temp\ccQ1Rvn0.debug.temp.o
 .debug_macro   0x00000000      0x10a C:\Users\admin\AppData\Local\Temp\ccQ1Rvn0.debug.temp.o
 .debug_macro   0x00000000      0x2eb C:\Users\admin\AppData\Local\Temp\ccQ1Rvn0.debug.temp.o
 .debug_macro   0x00000000       0x95 C:\Users\admin\AppData\Local\Temp\ccQ1Rvn0.debug.temp.o
 .debug_macro   0x00000000       0x44 C:\Users\admin\AppData\Local\Temp\ccQ1Rvn0.debug.temp.o
 .debug_macro   0x00000000       0x44 C:\Users\admin\AppData\Local\Temp\ccQ1Rvn0.debug.temp.o
 .debug_macro   0x00000000       0xf6 C:\Users\admin\AppData\Local\Temp\ccQ1Rvn0.debug.temp.o
 .debug_macro   0x00000000       0x40 C:\Users\admin\AppData\Local\Temp\ccQ1Rvn0.debug.temp.o
 .debug_line    0x00000000       0xb1 C:\Users\admin\AppData\Local\Temp\ccQ1Rvn0.debug.temp.o
 .debug_str     0x00000000    0x270c9 C:\Users\admin\AppData\Local\Temp\ccQ1Rvn0.debug.temp.o
 .debug_line_str
                0x00000000      0x2c1 C:\Users\admin\AppData\Local\Temp\ccQ1Rvn0.debug.temp.o
 .comment       0x00000000       0x13 C:\Users\admin\AppData\Local\Temp\ccQ1Rvn0.debug.temp.o
 .note.GNU-stack
                0x00000000        0x0 C:\Users\admin\AppData\Local\Temp\ccQ1Rvn0.debug.temp.o
 .group         0x00000000        0xc C:\Users\admin\AppData\Local\Temp\ccboLogN.debug.temp.o
 .group         0x00000000        0xc C:\Users\admin\AppData\Local\Temp\ccboLogN.debug.temp.o
 .group         0x00000000        0xc C:\Users\admin\AppData\Local\Temp\ccboLogN.debug.temp.o
 .group         0x00000000        0xc C:\Users\admin\AppData\Local\Temp\ccboLogN.debug.temp.o
 .group         0x00000000        0xc C:\Users\admin\AppData\Local\Temp\ccboLogN.debug.temp.o
 .group         0x00000000        0xc C:\Users\admin\AppData\Local\Temp\ccboLogN.debug.temp.o
 .group         0x00000000        0xc C:\Users\admin\AppData\Local\Temp\ccboLogN.debug.temp.o
 .group         0x00000000        0xc C:\Users\admin\AppData\Local\Temp\ccboLogN.debug.temp.o
 .group         0x00000000        0xc C:\Users\admin\AppData\Local\Temp\ccboLogN.debug.temp.o
 .group         0x00000000        0xc C:\Users\admin\AppData\Local\Temp\ccboLogN.debug.temp.o
 .group         0x00000000        0xc C:\Users\admin\AppData\Local\Temp\ccboLogN.debug.temp.o
 .group         0x00000000        0xc C:\Users\admin\AppData\Local\Temp\ccboLogN.debug.temp.o
 .group         0x00000000        0xc C:\Users\admin\AppData\Local\Temp\ccboLogN.debug.temp.o
 .group         0x00000000        0xc C:\Users\admin\AppData\Local\Temp\ccboLogN.debug.temp.o
 .group         0x00000000        0xc C:\Users\admin\AppData\Local\Temp\ccboLogN.debug.temp.o
 .group         0x00000000        0xc C:\Users\admin\AppData\Local\Temp\ccboLogN.debug.temp.o
 .group         0x00000000        0xc C:\Users\admin\AppData\Local\Temp\ccboLogN.debug.temp.o
 .group         0x00000000        0xc C:\Users\admin\AppData\Local\Temp\ccboLogN.debug.temp.o
 .group         0x00000000        0xc C:\Users\admin\AppData\Local\Temp\ccboLogN.debug.temp.o
 .debug_info    0x00000000     0x31c1 C:\Users\admin\AppData\Local\Temp\ccboLogN.debug.temp.o
 .debug_abbrev  0x00000000      0x26c C:\Users\admin\AppData\Local\Temp\ccboLogN.debug.temp.o
 .debug_macro   0x00000000      0x101 C:\Users\admin\AppData\Local\Temp\ccboLogN.debug.temp.o
 .debug_macro   0x00000000      0x7f0 C:\Users\admin\AppData\Local\Temp\ccboLogN.debug.temp.o
 .debug_macro   0x00000000       0x1c C:\Users\admin\AppData\Local\Temp\ccboLogN.debug.temp.o
 .debug_macro   0x00000000       0x22 C:\Users\admin\AppData\Local\Temp\ccboLogN.debug.temp.o
 .debug_macro   0x00000000       0x8e C:\Users\admin\AppData\Local\Temp\ccboLogN.debug.temp.o
 .debug_macro   0x00000000       0x51 C:\Users\admin\AppData\Local\Temp\ccboLogN.debug.temp.o
 .debug_macro   0x00000000      0x103 C:\Users\admin\AppData\Local\Temp\ccboLogN.debug.temp.o
 .debug_macro   0x00000000       0x6a C:\Users\admin\AppData\Local\Temp\ccboLogN.debug.temp.o
 .debug_macro   0x00000000      0x1df C:\Users\admin\AppData\Local\Temp\ccboLogN.debug.temp.o
 .debug_macro   0x00000000     0x6f67 C:\Users\admin\AppData\Local\Temp\ccboLogN.debug.temp.o
 .debug_macro   0x00000000       0x40 C:\Users\admin\AppData\Local\Temp\ccboLogN.debug.temp.o
 .debug_macro   0x00000000       0x10 C:\Users\admin\AppData\Local\Temp\ccboLogN.debug.temp.o
 .debug_macro   0x00000000       0x22 C:\Users\admin\AppData\Local\Temp\ccboLogN.debug.temp.o
 .debug_macro   0x00000000      0x10a C:\Users\admin\AppData\Local\Temp\ccboLogN.debug.temp.o
 .debug_macro   0x00000000       0x46 C:\Users\admin\AppData\Local\Temp\ccboLogN.debug.temp.o
 .debug_macro   0x00000000       0x95 C:\Users\admin\AppData\Local\Temp\ccboLogN.debug.temp.o
 .debug_macro   0x00000000       0x44 C:\Users\admin\AppData\Local\Temp\ccboLogN.debug.temp.o
 .debug_macro   0x00000000       0x44 C:\Users\admin\AppData\Local\Temp\ccboLogN.debug.temp.o
 .debug_macro   0x00000000       0xf6 C:\Users\admin\AppData\Local\Temp\ccboLogN.debug.temp.o
 .debug_macro   0x00000000      0x2e5 C:\Users\admin\AppData\Local\Temp\ccboLogN.debug.temp.o
 .debug_line    0x00000000       0xb1 C:\Users\admin\AppData\Local\Temp\ccboLogN.debug.temp.o
 .debug_str     0x00000000    0x28b57 C:\Users\admin\AppData\Local\Temp\ccboLogN.debug.temp.o
 .debug_line_str
                0x00000000      0x2c1 C:\Users\admin\AppData\Local\Temp\ccboLogN.debug.temp.o
 .comment       0x00000000       0x13 C:\Users\admin\AppData\Local\Temp\ccboLogN.debug.temp.o
 .note.GNU-stack
                0x00000000        0x0 C:\Users\admin\AppData\Local\Temp\ccboLogN.debug.temp.o
 .group         0x00000000        0xc C:\Users\admin\AppData\Local\Temp\cce1dfYz.debug.temp.o
 .group         0x00000000        0xc C:\Users\admin\AppData\Local\Temp\cce1dfYz.debug.temp.o
 .group         0x00000000        0xc C:\Users\admin\AppData\Local\Temp\cce1dfYz.debug.temp.o
 .group         0x00000000        0xc C:\Users\admin\AppData\Local\Temp\cce1dfYz.debug.temp.o
 .group         0x00000000        0xc C:\Users\admin\AppData\Local\Temp\cce1dfYz.debug.temp.o
 .group         0x00000000        0xc C:\Users\admin\AppData\Local\Temp\cce1dfYz.debug.temp.o
 .group         0x00000000        0xc C:\Users\admin\AppData\Local\Temp\cce1dfYz.debug.temp.o
 .group         0x00000000        0xc C:\Users\admin\AppData\Local\Temp\cce1dfYz.debug.temp.o
 .group         0x00000000        0xc C:\Users\admin\AppData\Local\Temp\cce1dfYz.debug.temp.o
 .group         0x00000000        0xc C:\Users\admin\AppData\Local\Temp\cce1dfYz.debug.temp.o
 .group         0x00000000        0xc C:\Users\admin\AppData\Local\Temp\cce1dfYz.debug.temp.o
 .group         0x00000000        0xc C:\Users\admin\AppData\Local\Temp\cce1dfYz.debug.temp.o
 .group         0x00000000        0xc C:\Users\admin\AppData\Local\Temp\cce1dfYz.debug.temp.o
 .group         0x00000000        0xc C:\Users\admin\AppData\Local\Temp\cce1dfYz.debug.temp.o
 .group         0x00000000        0xc C:\Users\admin\AppData\Local\Temp\cce1dfYz.debug.temp.o
 .group         0x00000000        0xc C:\Users\admin\AppData\Local\Temp\cce1dfYz.debug.temp.o
 .group         0x00000000        0xc C:\Users\admin\AppData\Local\Temp\cce1dfYz.debug.temp.o
 .group         0x00000000        0xc C:\Users\admin\AppData\Local\Temp\cce1dfYz.debug.temp.o
 .group         0x00000000        0xc C:\Users\admin\AppData\Local\Temp\cce1dfYz.debug.temp.o
 .debug_macro   0x00000000      0x7f0 C:\Users\admin\AppData\Local\Temp\cce1dfYz.debug.temp.o
 .debug_macro   0x00000000       0x1c C:\Users\admin\AppData\Local\Temp\cce1dfYz.debug.temp.o
 .debug_macro   0x00000000       0x22 C:\Users\admin\AppData\Local\Temp\cce1dfYz.debug.temp.o
 .debug_macro   0x00000000       0x8e C:\Users\admin\AppData\Local\Temp\cce1dfYz.debug.temp.o
 .debug_macro   0x00000000       0x51 C:\Users\admin\AppData\Local\Temp\cce1dfYz.debug.temp.o
 .debug_macro   0x00000000      0x103 C:\Users\admin\AppData\Local\Temp\cce1dfYz.debug.temp.o
 .debug_macro   0x00000000       0x6a C:\Users\admin\AppData\Local\Temp\cce1dfYz.debug.temp.o
 .debug_macro   0x00000000      0x1df C:\Users\admin\AppData\Local\Temp\cce1dfYz.debug.temp.o
 .debug_macro   0x00000000     0x6f67 C:\Users\admin\AppData\Local\Temp\cce1dfYz.debug.temp.o
 .debug_macro   0x00000000       0x40 C:\Users\admin\AppData\Local\Temp\cce1dfYz.debug.temp.o
 .debug_macro   0x00000000       0x10 C:\Users\admin\AppData\Local\Temp\cce1dfYz.debug.temp.o
 .debug_macro   0x00000000       0x22 C:\Users\admin\AppData\Local\Temp\cce1dfYz.debug.temp.o
 .debug_macro   0x00000000      0x10a C:\Users\admin\AppData\Local\Temp\cce1dfYz.debug.temp.o
 .debug_macro   0x00000000       0x46 C:\Users\admin\AppData\Local\Temp\cce1dfYz.debug.temp.o
 .debug_macro   0x00000000      0x2eb C:\Users\admin\AppData\Local\Temp\cce1dfYz.debug.temp.o
 .debug_macro   0x00000000       0x44 C:\Users\admin\AppData\Local\Temp\cce1dfYz.debug.temp.o
 .debug_macro   0x00000000       0x44 C:\Users\admin\AppData\Local\Temp\cce1dfYz.debug.temp.o
 .debug_macro   0x00000000       0xf6 C:\Users\admin\AppData\Local\Temp\cce1dfYz.debug.temp.o
 .comment       0x00000000       0x13 C:\Users\admin\AppData\Local\Temp\cce1dfYz.debug.temp.o
 .note.GNU-stack
                0x00000000        0x0 C:\Users\admin\AppData\Local\Temp\cce1dfYz.debug.temp.o
 .group         0x00000000        0xc C:\Users\admin\AppData\Local\Temp\ccnfug5m.debug.temp.o
 .group         0x00000000        0xc C:\Users\admin\AppData\Local\Temp\ccnfug5m.debug.temp.o
 .group         0x00000000        0xc C:\Users\admin\AppData\Local\Temp\ccnfug5m.debug.temp.o
 .group         0x00000000        0xc C:\Users\admin\AppData\Local\Temp\ccnfug5m.debug.temp.o
 .group         0x00000000        0xc C:\Users\admin\AppData\Local\Temp\ccnfug5m.debug.temp.o
 .group         0x00000000        0xc C:\Users\admin\AppData\Local\Temp\ccnfug5m.debug.temp.o
 .group         0x00000000        0xc C:\Users\admin\AppData\Local\Temp\ccnfug5m.debug.temp.o
 .group         0x00000000        0xc C:\Users\admin\AppData\Local\Temp\ccnfug5m.debug.temp.o
 .group         0x00000000        0xc C:\Users\admin\AppData\Local\Temp\ccnfug5m.debug.temp.o
 .group         0x00000000        0xc C:\Users\admin\AppData\Local\Temp\ccnfug5m.debug.temp.o
 .group         0x00000000        0xc C:\Users\admin\AppData\Local\Temp\ccnfug5m.debug.temp.o
 .group         0x00000000        0xc C:\Users\admin\AppData\Local\Temp\ccnfug5m.debug.temp.o
 .group         0x00000000        0xc C:\Users\admin\AppData\Local\Temp\ccnfug5m.debug.temp.o
 .group         0x00000000        0xc C:\Users\admin\AppData\Local\Temp\ccnfug5m.debug.temp.o
 .group         0x00000000        0xc C:\Users\admin\AppData\Local\Temp\ccnfug5m.debug.temp.o
 .group         0x00000000        0xc C:\Users\admin\AppData\Local\Temp\ccnfug5m.debug.temp.o
 .group         0x00000000        0xc C:\Users\admin\AppData\Local\Temp\ccnfug5m.debug.temp.o
 .group         0x00000000        0xc C:\Users\admin\AppData\Local\Temp\ccnfug5m.debug.temp.o
 .group         0x00000000        0xc C:\Users\admin\AppData\Local\Temp\ccnfug5m.debug.temp.o
 .debug_info    0x00000000     0x18f2 C:\Users\admin\AppData\Local\Temp\ccnfug5m.debug.temp.o
 .debug_abbrev  0x00000000      0x1f7 C:\Users\admin\AppData\Local\Temp\ccnfug5m.debug.temp.o
 .debug_macro   0x00000000       0xef C:\Users\admin\AppData\Local\Temp\ccnfug5m.debug.temp.o
 .debug_macro   0x00000000      0x7f0 C:\Users\admin\AppData\Local\Temp\ccnfug5m.debug.temp.o
 .debug_macro   0x00000000       0x1c C:\Users\admin\AppData\Local\Temp\ccnfug5m.debug.temp.o
 .debug_macro   0x00000000       0x22 C:\Users\admin\AppData\Local\Temp\ccnfug5m.debug.temp.o
 .debug_macro   0x00000000       0x8e C:\Users\admin\AppData\Local\Temp\ccnfug5m.debug.temp.o
 .debug_macro   0x00000000       0x51 C:\Users\admin\AppData\Local\Temp\ccnfug5m.debug.temp.o
 .debug_macro   0x00000000      0x103 C:\Users\admin\AppData\Local\Temp\ccnfug5m.debug.temp.o
 .debug_macro   0x00000000       0x6a C:\Users\admin\AppData\Local\Temp\ccnfug5m.debug.temp.o
 .debug_macro   0x00000000      0x1df C:\Users\admin\AppData\Local\Temp\ccnfug5m.debug.temp.o
 .debug_macro   0x00000000     0x6f67 C:\Users\admin\AppData\Local\Temp\ccnfug5m.debug.temp.o
 .debug_macro   0x00000000       0x40 C:\Users\admin\AppData\Local\Temp\ccnfug5m.debug.temp.o
 .debug_macro   0x00000000       0x10 C:\Users\admin\AppData\Local\Temp\ccnfug5m.debug.temp.o
 .debug_macro   0x00000000       0x22 C:\Users\admin\AppData\Local\Temp\ccnfug5m.debug.temp.o
 .debug_macro   0x00000000      0x10a C:\Users\admin\AppData\Local\Temp\ccnfug5m.debug.temp.o
 .debug_macro   0x00000000       0x46 C:\Users\admin\AppData\Local\Temp\ccnfug5m.debug.temp.o
 .debug_macro   0x00000000      0x2eb C:\Users\admin\AppData\Local\Temp\ccnfug5m.debug.temp.o
 .debug_macro   0x00000000       0x95 C:\Users\admin\AppData\Local\Temp\ccnfug5m.debug.temp.o
 .debug_macro   0x00000000       0x44 C:\Users\admin\AppData\Local\Temp\ccnfug5m.debug.temp.o
 .debug_macro   0x00000000       0x44 C:\Users\admin\AppData\Local\Temp\ccnfug5m.debug.temp.o
 .debug_macro   0x00000000       0xf0 C:\Users\admin\AppData\Local\Temp\ccnfug5m.debug.temp.o
 .debug_line    0x00000000       0xb1 C:\Users\admin\AppData\Local\Temp\ccnfug5m.debug.temp.o
 .debug_str     0x00000000    0x27ab2 C:\Users\admin\AppData\Local\Temp\ccnfug5m.debug.temp.o
 .debug_line_str
                0x00000000      0x2c3 C:\Users\admin\AppData\Local\Temp\ccnfug5m.debug.temp.o
 .comment       0x00000000       0x13 C:\Users\admin\AppData\Local\Temp\ccnfug5m.debug.temp.o
 .note.GNU-stack
                0x00000000        0x0 C:\Users\admin\AppData\Local\Temp\ccnfug5m.debug.temp.o
 .group         0x00000000        0xc C:\Users\admin\AppData\Local\Temp\cc8ccfja.debug.temp.o
 .group         0x00000000        0xc C:\Users\admin\AppData\Local\Temp\cc8ccfja.debug.temp.o
 .group         0x00000000        0xc C:\Users\admin\AppData\Local\Temp\cc8ccfja.debug.temp.o
 .group         0x00000000        0xc C:\Users\admin\AppData\Local\Temp\cc8ccfja.debug.temp.o
 .group         0x00000000        0xc C:\Users\admin\AppData\Local\Temp\cc8ccfja.debug.temp.o
 .group         0x00000000        0xc C:\Users\admin\AppData\Local\Temp\cc8ccfja.debug.temp.o
 .group         0x00000000        0xc C:\Users\admin\AppData\Local\Temp\cc8ccfja.debug.temp.o
 .group         0x00000000        0xc C:\Users\admin\AppData\Local\Temp\cc8ccfja.debug.temp.o
 .debug_info    0x00000000      0x117 C:\Users\admin\AppData\Local\Temp\cc8ccfja.debug.temp.o
 .debug_abbrev  0x00000000       0x8c C:\Users\admin\AppData\Local\Temp\cc8ccfja.debug.temp.o
 .debug_macro   0x00000000       0x72 C:\Users\admin\AppData\Local\Temp\cc8ccfja.debug.temp.o
 .debug_macro   0x00000000      0x7f0 C:\Users\admin\AppData\Local\Temp\cc8ccfja.debug.temp.o
 .debug_macro   0x00000000       0x22 C:\Users\admin\AppData\Local\Temp\cc8ccfja.debug.temp.o
 .debug_macro   0x00000000       0x8e C:\Users\admin\AppData\Local\Temp\cc8ccfja.debug.temp.o
 .debug_macro   0x00000000       0x51 C:\Users\admin\AppData\Local\Temp\cc8ccfja.debug.temp.o
 .debug_macro   0x00000000      0x103 C:\Users\admin\AppData\Local\Temp\cc8ccfja.debug.temp.o
 .debug_macro   0x00000000       0x6a C:\Users\admin\AppData\Local\Temp\cc8ccfja.debug.temp.o
 .debug_macro   0x00000000      0x1df C:\Users\admin\AppData\Local\Temp\cc8ccfja.debug.temp.o
 .debug_macro   0x00000000       0x28 C:\Users\admin\AppData\Local\Temp\cc8ccfja.debug.temp.o
 .debug_line    0x00000000       0x76 C:\Users\admin\AppData\Local\Temp\cc8ccfja.debug.temp.o
 .debug_str     0x00000000     0x3953 C:\Users\admin\AppData\Local\Temp\cc8ccfja.debug.temp.o
 .debug_line_str
                0x00000000      0x1e5 C:\Users\admin\AppData\Local\Temp\cc8ccfja.debug.temp.o
 .comment       0x00000000       0x13 C:\Users\admin\AppData\Local\Temp\cc8ccfja.debug.temp.o
 .note.GNU-stack
                0x00000000        0x0 C:\Users\admin\AppData\Local\Temp\cc8ccfja.debug.temp.o
 .group         0x00000000        0xc C:\Users\admin\AppData\Local\Temp\ccPkImiX.debug.temp.o
 .group         0x00000000        0xc C:\Users\admin\AppData\Local\Temp\ccPkImiX.debug.temp.o
 .group         0x00000000        0xc C:\Users\admin\AppData\Local\Temp\ccPkImiX.debug.temp.o
 .group         0x00000000        0xc C:\Users\admin\AppData\Local\Temp\ccPkImiX.debug.temp.o
 .group         0x00000000        0xc C:\Users\admin\AppData\Local\Temp\ccPkImiX.debug.temp.o
 .group         0x00000000        0xc C:\Users\admin\AppData\Local\Temp\ccPkImiX.debug.temp.o
 .group         0x00000000        0xc C:\Users\admin\AppData\Local\Temp\ccPkImiX.debug.temp.o
 .group         0x00000000        0xc C:\Users\admin\AppData\Local\Temp\ccPkImiX.debug.temp.o
 .group         0x00000000        0xc C:\Users\admin\AppData\Local\Temp\ccPkImiX.debug.temp.o
 .group         0x00000000        0xc C:\Users\admin\AppData\Local\Temp\ccPkImiX.debug.temp.o
 .debug_macro   0x00000000      0x7f0 C:\Users\admin\AppData\Local\Temp\ccPkImiX.debug.temp.o
 .debug_macro   0x00000000       0x22 C:\Users\admin\AppData\Local\Temp\ccPkImiX.debug.temp.o
 .debug_macro   0x00000000       0x8e C:\Users\admin\AppData\Local\Temp\ccPkImiX.debug.temp.o
 .debug_macro   0x00000000       0x51 C:\Users\admin\AppData\Local\Temp\ccPkImiX.debug.temp.o
 .debug_macro   0x00000000      0x103 C:\Users\admin\AppData\Local\Temp\ccPkImiX.debug.temp.o
 .debug_macro   0x00000000       0x6a C:\Users\admin\AppData\Local\Temp\ccPkImiX.debug.temp.o
 .debug_macro   0x00000000      0x1df C:\Users\admin\AppData\Local\Temp\ccPkImiX.debug.temp.o
 .comment       0x00000000       0x13 C:\Users\admin\AppData\Local\Temp\ccPkImiX.debug.temp.o
 .note.GNU-stack
                0x00000000        0x0 C:\Users\admin\AppData\Local\Temp\ccPkImiX.debug.temp.o
 .group         0x00000000        0xc C:\Users\admin\AppData\Local\Temp\ccqtEQiK.debug.temp.o
 .group         0x00000000        0xc C:\Users\admin\AppData\Local\Temp\ccqtEQiK.debug.temp.o
 .group         0x00000000        0xc C:\Users\admin\AppData\Local\Temp\ccqtEQiK.debug.temp.o
 .group         0x00000000        0xc C:\Users\admin\AppData\Local\Temp\ccqtEQiK.debug.temp.o
 .group         0x00000000        0xc C:\Users\admin\AppData\Local\Temp\ccqtEQiK.debug.temp.o
 .group         0x00000000        0xc C:\Users\admin\AppData\Local\Temp\ccqtEQiK.debug.temp.o
 .group         0x00000000        0xc C:\Users\admin\AppData\Local\Temp\ccqtEQiK.debug.temp.o
 .group         0x00000000        0xc C:\Users\admin\AppData\Local\Temp\ccqtEQiK.debug.temp.o
 .group         0x00000000        0xc C:\Users\admin\AppData\Local\Temp\ccqtEQiK.debug.temp.o
 .group         0x00000000        0xc C:\Users\admin\AppData\Local\Temp\ccqtEQiK.debug.temp.o
 .group         0x00000000        0xc C:\Users\admin\AppData\Local\Temp\ccqtEQiK.debug.temp.o
 .group         0x00000000        0xc C:\Users\admin\AppData\Local\Temp\ccqtEQiK.debug.temp.o
 .group         0x00000000        0xc C:\Users\admin\AppData\Local\Temp\ccqtEQiK.debug.temp.o
 .group         0x00000000        0xc C:\Users\admin\AppData\Local\Temp\ccqtEQiK.debug.temp.o
 .group         0x00000000        0xc C:\Users\admin\AppData\Local\Temp\ccqtEQiK.debug.temp.o
 .group         0x00000000        0xc C:\Users\admin\AppData\Local\Temp\ccqtEQiK.debug.temp.o
 .group         0x00000000        0xc C:\Users\admin\AppData\Local\Temp\ccqtEQiK.debug.temp.o
 .group         0x00000000        0xc C:\Users\admin\AppData\Local\Temp\ccqtEQiK.debug.temp.o
 .group         0x00000000        0xc C:\Users\admin\AppData\Local\Temp\ccqtEQiK.debug.temp.o
 .group         0x00000000        0xc C:\Users\admin\AppData\Local\Temp\ccqtEQiK.debug.temp.o
 .group         0x00000000        0xc C:\Users\admin\AppData\Local\Temp\ccqtEQiK.debug.temp.o
 .group         0x00000000        0xc C:\Users\admin\AppData\Local\Temp\ccqtEQiK.debug.temp.o
 .group         0x00000000        0xc C:\Users\admin\AppData\Local\Temp\ccqtEQiK.debug.temp.o
 .group         0x00000000        0xc C:\Users\admin\AppData\Local\Temp\ccqtEQiK.debug.temp.o
 .group         0x00000000        0xc C:\Users\admin\AppData\Local\Temp\ccqtEQiK.debug.temp.o
 .group         0x00000000        0xc C:\Users\admin\AppData\Local\Temp\ccqtEQiK.debug.temp.o
 .group         0x00000000        0xc C:\Users\admin\AppData\Local\Temp\ccqtEQiK.debug.temp.o
 .group         0x00000000        0xc C:\Users\admin\AppData\Local\Temp\ccqtEQiK.debug.temp.o
 .group         0x00000000        0xc C:\Users\admin\AppData\Local\Temp\ccqtEQiK.debug.temp.o
 .debug_info    0x00000000      0xb76 C:\Users\admin\AppData\Local\Temp\ccqtEQiK.debug.temp.o
 .debug_abbrev  0x00000000      0x277 C:\Users\admin\AppData\Local\Temp\ccqtEQiK.debug.temp.o
 .debug_macro   0x00000000      0x157 C:\Users\admin\AppData\Local\Temp\ccqtEQiK.debug.temp.o
 .debug_macro   0x00000000      0x7f0 C:\Users\admin\AppData\Local\Temp\ccqtEQiK.debug.temp.o
 .debug_macro   0x00000000       0x22 C:\Users\admin\AppData\Local\Temp\ccqtEQiK.debug.temp.o
 .debug_macro   0x00000000       0x68 C:\Users\admin\AppData\Local\Temp\ccqtEQiK.debug.temp.o
 .debug_macro   0x00000000       0x20 C:\Users\admin\AppData\Local\Temp\ccqtEQiK.debug.temp.o
 .debug_macro   0x00000000       0x94 C:\Users\admin\AppData\Local\Temp\ccqtEQiK.debug.temp.o
 .debug_macro   0x00000000       0x3b C:\Users\admin\AppData\Local\Temp\ccqtEQiK.debug.temp.o
 .debug_macro   0x00000000       0x34 C:\Users\admin\AppData\Local\Temp\ccqtEQiK.debug.temp.o
 .debug_macro   0x00000000       0x16 C:\Users\admin\AppData\Local\Temp\ccqtEQiK.debug.temp.o
 .debug_macro   0x00000000       0x57 C:\Users\admin\AppData\Local\Temp\ccqtEQiK.debug.temp.o
 .debug_macro   0x00000000       0x9e C:\Users\admin\AppData\Local\Temp\ccqtEQiK.debug.temp.o
 .debug_macro   0x00000000      0x364 C:\Users\admin\AppData\Local\Temp\ccqtEQiK.debug.temp.o
 .debug_macro   0x00000000      0x112 C:\Users\admin\AppData\Local\Temp\ccqtEQiK.debug.temp.o
 .debug_macro   0x00000000       0x10 C:\Users\admin\AppData\Local\Temp\ccqtEQiK.debug.temp.o
 .debug_macro   0x00000000       0x16 C:\Users\admin\AppData\Local\Temp\ccqtEQiK.debug.temp.o
 .debug_macro   0x00000000       0x4a C:\Users\admin\AppData\Local\Temp\ccqtEQiK.debug.temp.o
 .debug_macro   0x00000000       0x34 C:\Users\admin\AppData\Local\Temp\ccqtEQiK.debug.temp.o
 .debug_macro   0x00000000       0x10 C:\Users\admin\AppData\Local\Temp\ccqtEQiK.debug.temp.o
 .debug_macro   0x00000000       0x58 C:\Users\admin\AppData\Local\Temp\ccqtEQiK.debug.temp.o
 .debug_macro   0x00000000      0x1de C:\Users\admin\AppData\Local\Temp\ccqtEQiK.debug.temp.o
 .debug_macro   0x00000000       0x16 C:\Users\admin\AppData\Local\Temp\ccqtEQiK.debug.temp.o
 .debug_macro   0x00000000       0x16 C:\Users\admin\AppData\Local\Temp\ccqtEQiK.debug.temp.o
 .debug_macro   0x00000000      0x170 C:\Users\admin\AppData\Local\Temp\ccqtEQiK.debug.temp.o
 .debug_macro   0x00000000       0x4c C:\Users\admin\AppData\Local\Temp\ccqtEQiK.debug.temp.o
 .debug_macro   0x00000000       0x1c C:\Users\admin\AppData\Local\Temp\ccqtEQiK.debug.temp.o
 .debug_macro   0x00000000      0x103 C:\Users\admin\AppData\Local\Temp\ccqtEQiK.debug.temp.o
 .debug_macro   0x00000000       0x6a C:\Users\admin\AppData\Local\Temp\ccqtEQiK.debug.temp.o
 .debug_macro   0x00000000      0x1df C:\Users\admin\AppData\Local\Temp\ccqtEQiK.debug.temp.o
 .debug_macro   0x00000000     0x6f67 C:\Users\admin\AppData\Local\Temp\ccqtEQiK.debug.temp.o
 .debug_macro   0x00000000       0x34 C:\Users\admin\AppData\Local\Temp\ccqtEQiK.debug.temp.o
 .debug_line    0x00000000       0xbc C:\Users\admin\AppData\Local\Temp\ccqtEQiK.debug.temp.o
 .debug_str     0x00000000    0x25eb4 C:\Users\admin\AppData\Local\Temp\ccqtEQiK.debug.temp.o
 .debug_line_str
                0x00000000      0x251 C:\Users\admin\AppData\Local\Temp\ccqtEQiK.debug.temp.o
 .comment       0x00000000       0x13 C:\Users\admin\AppData\Local\Temp\ccqtEQiK.debug.temp.o
 .note.GNU-stack
                0x00000000        0x0 C:\Users\admin\AppData\Local\Temp\ccqtEQiK.debug.temp.o
 .group         0x00000000        0xc C:\Users\admin\AppData\Local\Temp\ccFUJhBw.debug.temp.o
 .group         0x00000000        0xc C:\Users\admin\AppData\Local\Temp\ccFUJhBw.debug.temp.o
 .group         0x00000000        0xc C:\Users\admin\AppData\Local\Temp\ccFUJhBw.debug.temp.o
 .group         0x00000000        0xc C:\Users\admin\AppData\Local\Temp\ccFUJhBw.debug.temp.o
 .group         0x00000000        0xc C:\Users\admin\AppData\Local\Temp\ccFUJhBw.debug.temp.o
 .group         0x00000000        0xc C:\Users\admin\AppData\Local\Temp\ccFUJhBw.debug.temp.o
 .group         0x00000000        0xc C:\Users\admin\AppData\Local\Temp\ccFUJhBw.debug.temp.o
 .group         0x00000000        0xc C:\Users\admin\AppData\Local\Temp\ccFUJhBw.debug.temp.o
 .group         0x00000000        0xc C:\Users\admin\AppData\Local\Temp\ccFUJhBw.debug.temp.o
 .group         0x00000000        0xc C:\Users\admin\AppData\Local\Temp\ccFUJhBw.debug.temp.o
 .debug_info    0x00000000      0x278 C:\Users\admin\AppData\Local\Temp\ccFUJhBw.debug.temp.o
 .debug_abbrev  0x00000000      0x136 C:\Users\admin\AppData\Local\Temp\ccFUJhBw.debug.temp.o
 .debug_macro   0x00000000       0x84 C:\Users\admin\AppData\Local\Temp\ccFUJhBw.debug.temp.o
 .debug_macro   0x00000000      0x7f0 C:\Users\admin\AppData\Local\Temp\ccFUJhBw.debug.temp.o
 .debug_macro   0x00000000       0x22 C:\Users\admin\AppData\Local\Temp\ccFUJhBw.debug.temp.o
 .debug_macro   0x00000000       0x8e C:\Users\admin\AppData\Local\Temp\ccFUJhBw.debug.temp.o
 .debug_macro   0x00000000       0x51 C:\Users\admin\AppData\Local\Temp\ccFUJhBw.debug.temp.o
 .debug_macro   0x00000000      0x103 C:\Users\admin\AppData\Local\Temp\ccFUJhBw.debug.temp.o
 .debug_macro   0x00000000       0x6a C:\Users\admin\AppData\Local\Temp\ccFUJhBw.debug.temp.o
 .debug_macro   0x00000000      0x1df C:\Users\admin\AppData\Local\Temp\ccFUJhBw.debug.temp.o
 .debug_macro   0x00000000       0xd0 C:\Users\admin\AppData\Local\Temp\ccFUJhBw.debug.temp.o
 .debug_macro   0x00000000       0x10 C:\Users\admin\AppData\Local\Temp\ccFUJhBw.debug.temp.o
 .debug_macro   0x00000000      0x8fb C:\Users\admin\AppData\Local\Temp\ccFUJhBw.debug.temp.o
 .debug_line    0x00000000       0x80 C:\Users\admin\AppData\Local\Temp\ccFUJhBw.debug.temp.o
 .debug_str     0x00000000     0x704e C:\Users\admin\AppData\Local\Temp\ccFUJhBw.debug.temp.o
 .debug_line_str
                0x00000000      0x201 C:\Users\admin\AppData\Local\Temp\ccFUJhBw.debug.temp.o
 .comment       0x00000000       0x13 C:\Users\admin\AppData\Local\Temp\ccFUJhBw.debug.temp.o
 .note.GNU-stack
                0x00000000        0x0 C:\Users\admin\AppData\Local\Temp\ccFUJhBw.debug.temp.o
 .group         0x00000000        0xc C:\Users\admin\AppData\Local\Temp\cc8W6TEi.debug.temp.o
 .group         0x00000000        0xc C:\Users\admin\AppData\Local\Temp\cc8W6TEi.debug.temp.o
 .group         0x00000000        0xc C:\Users\admin\AppData\Local\Temp\cc8W6TEi.debug.temp.o
 .group         0x00000000        0xc C:\Users\admin\AppData\Local\Temp\cc8W6TEi.debug.temp.o
 .group         0x00000000        0xc C:\Users\admin\AppData\Local\Temp\cc8W6TEi.debug.temp.o
 .group         0x00000000        0xc C:\Users\admin\AppData\Local\Temp\cc8W6TEi.debug.temp.o
 .group         0x00000000        0xc C:\Users\admin\AppData\Local\Temp\cc8W6TEi.debug.temp.o
 .group         0x00000000        0xc C:\Users\admin\AppData\Local\Temp\cc8W6TEi.debug.temp.o
 .group         0x00000000        0xc C:\Users\admin\AppData\Local\Temp\cc8W6TEi.debug.temp.o
 .group         0x00000000        0xc C:\Users\admin\AppData\Local\Temp\cc8W6TEi.debug.temp.o
 .group         0x00000000        0xc C:\Users\admin\AppData\Local\Temp\cc8W6TEi.debug.temp.o
 .group         0x00000000        0xc C:\Users\admin\AppData\Local\Temp\cc8W6TEi.debug.temp.o
 .group         0x00000000        0xc C:\Users\admin\AppData\Local\Temp\cc8W6TEi.debug.temp.o
 .group         0x00000000        0xc C:\Users\admin\AppData\Local\Temp\cc8W6TEi.debug.temp.o
 .group         0x00000000        0xc C:\Users\admin\AppData\Local\Temp\cc8W6TEi.debug.temp.o
 .group         0x00000000        0xc C:\Users\admin\AppData\Local\Temp\cc8W6TEi.debug.temp.o
 .group         0x00000000        0xc C:\Users\admin\AppData\Local\Temp\cc8W6TEi.debug.temp.o
 .group         0x00000000        0xc C:\Users\admin\AppData\Local\Temp\cc8W6TEi.debug.temp.o
 .group         0x00000000        0xc C:\Users\admin\AppData\Local\Temp\cc8W6TEi.debug.temp.o
 .group         0x00000000        0xc C:\Users\admin\AppData\Local\Temp\cc8W6TEi.debug.temp.o
 .group         0x00000000        0xc C:\Users\admin\AppData\Local\Temp\cc8W6TEi.debug.temp.o
 .group         0x00000000        0xc C:\Users\admin\AppData\Local\Temp\cc8W6TEi.debug.temp.o
 .group         0x00000000        0xc C:\Users\admin\AppData\Local\Temp\cc8W6TEi.debug.temp.o
 .group         0x00000000        0xc C:\Users\admin\AppData\Local\Temp\cc8W6TEi.debug.temp.o
 .group         0x00000000        0xc C:\Users\admin\AppData\Local\Temp\cc8W6TEi.debug.temp.o
 .group         0x00000000        0xc C:\Users\admin\AppData\Local\Temp\cc8W6TEi.debug.temp.o
 .group         0x00000000        0xc C:\Users\admin\AppData\Local\Temp\cc8W6TEi.debug.temp.o
 .group         0x00000000        0xc C:\Users\admin\AppData\Local\Temp\cc8W6TEi.debug.temp.o
 .group         0x00000000        0xc C:\Users\admin\AppData\Local\Temp\cc8W6TEi.debug.temp.o
 .group         0x00000000        0xc C:\Users\admin\AppData\Local\Temp\cc8W6TEi.debug.temp.o
 .group         0x00000000        0xc C:\Users\admin\AppData\Local\Temp\cc8W6TEi.debug.temp.o
 .group         0x00000000        0xc C:\Users\admin\AppData\Local\Temp\cc8W6TEi.debug.temp.o
 .debug_macro   0x00000000      0x7f0 C:\Users\admin\AppData\Local\Temp\cc8W6TEi.debug.temp.o
 .debug_macro   0x00000000       0x22 C:\Users\admin\AppData\Local\Temp\cc8W6TEi.debug.temp.o
 .debug_macro   0x00000000       0x68 C:\Users\admin\AppData\Local\Temp\cc8W6TEi.debug.temp.o
 .debug_macro   0x00000000       0x20 C:\Users\admin\AppData\Local\Temp\cc8W6TEi.debug.temp.o
 .debug_macro   0x00000000       0x94 C:\Users\admin\AppData\Local\Temp\cc8W6TEi.debug.temp.o
 .debug_macro   0x00000000       0x3b C:\Users\admin\AppData\Local\Temp\cc8W6TEi.debug.temp.o
 .debug_macro   0x00000000       0x34 C:\Users\admin\AppData\Local\Temp\cc8W6TEi.debug.temp.o
 .debug_macro   0x00000000       0x57 C:\Users\admin\AppData\Local\Temp\cc8W6TEi.debug.temp.o
 .debug_macro   0x00000000      0x364 C:\Users\admin\AppData\Local\Temp\cc8W6TEi.debug.temp.o
 .debug_macro   0x00000000       0x16 C:\Users\admin\AppData\Local\Temp\cc8W6TEi.debug.temp.o
 .debug_macro   0x00000000       0x4a C:\Users\admin\AppData\Local\Temp\cc8W6TEi.debug.temp.o
 .debug_macro   0x00000000       0x34 C:\Users\admin\AppData\Local\Temp\cc8W6TEi.debug.temp.o
 .debug_macro   0x00000000       0x10 C:\Users\admin\AppData\Local\Temp\cc8W6TEi.debug.temp.o
 .debug_macro   0x00000000       0x58 C:\Users\admin\AppData\Local\Temp\cc8W6TEi.debug.temp.o
 .debug_macro   0x00000000      0x1de C:\Users\admin\AppData\Local\Temp\cc8W6TEi.debug.temp.o
 .debug_macro   0x00000000       0x6a C:\Users\admin\AppData\Local\Temp\cc8W6TEi.debug.temp.o
 .comment       0x00000000       0x13 C:\Users\admin\AppData\Local\Temp\cc8W6TEi.debug.temp.o
 .note.GNU-stack
                0x00000000        0x0 C:\Users\admin\AppData\Local\Temp\cc8W6TEi.debug.temp.o
 .group         0x00000000        0xc C:\Users\admin\AppData\Local\Temp\ccxdGwP4.debug.temp.o
 .group         0x00000000        0xc C:\Users\admin\AppData\Local\Temp\ccxdGwP4.debug.temp.o
 .group         0x00000000        0xc C:\Users\admin\AppData\Local\Temp\ccxdGwP4.debug.temp.o
 .group         0x00000000        0xc C:\Users\admin\AppData\Local\Temp\ccxdGwP4.debug.temp.o
 .group         0x00000000        0xc C:\Users\admin\AppData\Local\Temp\ccxdGwP4.debug.temp.o
 .group         0x00000000        0xc C:\Users\admin\AppData\Local\Temp\ccxdGwP4.debug.temp.o
 .group         0x00000000        0xc C:\Users\admin\AppData\Local\Temp\ccxdGwP4.debug.temp.o
 .group         0x00000000        0xc C:\Users\admin\AppData\Local\Temp\ccxdGwP4.debug.temp.o
 .group         0x00000000        0xc C:\Users\admin\AppData\Local\Temp\ccxdGwP4.debug.temp.o
 .group         0x00000000        0xc C:\Users\admin\AppData\Local\Temp\ccxdGwP4.debug.temp.o
 .group         0x00000000        0xc C:\Users\admin\AppData\Local\Temp\ccxdGwP4.debug.temp.o
 .group         0x00000000        0xc C:\Users\admin\AppData\Local\Temp\ccxdGwP4.debug.temp.o
 .group         0x00000000        0xc C:\Users\admin\AppData\Local\Temp\ccxdGwP4.debug.temp.o
 .debug_macro   0x00000000      0x7f0 C:\Users\admin\AppData\Local\Temp\ccxdGwP4.debug.temp.o
 .debug_macro   0x00000000       0x22 C:\Users\admin\AppData\Local\Temp\ccxdGwP4.debug.temp.o
 .debug_macro   0x00000000       0x8e C:\Users\admin\AppData\Local\Temp\ccxdGwP4.debug.temp.o
 .debug_macro   0x00000000       0x51 C:\Users\admin\AppData\Local\Temp\ccxdGwP4.debug.temp.o
 .debug_macro   0x00000000      0x103 C:\Users\admin\AppData\Local\Temp\ccxdGwP4.debug.temp.o
 .debug_macro   0x00000000       0x6a C:\Users\admin\AppData\Local\Temp\ccxdGwP4.debug.temp.o
 .debug_macro   0x00000000      0x1df C:\Users\admin\AppData\Local\Temp\ccxdGwP4.debug.temp.o
 .debug_macro   0x00000000       0x1c C:\Users\admin\AppData\Local\Temp\ccxdGwP4.debug.temp.o
 .debug_macro   0x00000000       0x34 C:\Users\admin\AppData\Local\Temp\ccxdGwP4.debug.temp.o
 .comment       0x00000000       0x13 C:\Users\admin\AppData\Local\Temp\ccxdGwP4.debug.temp.o
 .note.GNU-stack
                0x00000000        0x0 C:\Users\admin\AppData\Local\Temp\ccxdGwP4.debug.temp.o
 .group         0x00000000        0xc C:\Users\admin\AppData\Local\Temp\ccsc6epR.debug.temp.o
 .group         0x00000000        0xc C:\Users\admin\AppData\Local\Temp\ccsc6epR.debug.temp.o
 .group         0x00000000        0xc C:\Users\admin\AppData\Local\Temp\ccsc6epR.debug.temp.o
 .group         0x00000000        0xc C:\Users\admin\AppData\Local\Temp\ccsc6epR.debug.temp.o
 .group         0x00000000        0xc C:\Users\admin\AppData\Local\Temp\ccsc6epR.debug.temp.o
 .group         0x00000000        0xc C:\Users\admin\AppData\Local\Temp\ccsc6epR.debug.temp.o
 .group         0x00000000        0xc C:\Users\admin\AppData\Local\Temp\ccsc6epR.debug.temp.o
 .group         0x00000000        0xc C:\Users\admin\AppData\Local\Temp\ccsc6epR.debug.temp.o
 .group         0x00000000        0xc C:\Users\admin\AppData\Local\Temp\ccsc6epR.debug.temp.o
 .group         0x00000000        0xc C:\Users\admin\AppData\Local\Temp\ccsc6epR.debug.temp.o
 .group         0x00000000        0xc C:\Users\admin\AppData\Local\Temp\ccsc6epR.debug.temp.o
 .group         0x00000000        0xc C:\Users\admin\AppData\Local\Temp\ccsc6epR.debug.temp.o
 .group         0x00000000        0xc C:\Users\admin\AppData\Local\Temp\ccsc6epR.debug.temp.o
 .group         0x00000000        0xc C:\Users\admin\AppData\Local\Temp\ccsc6epR.debug.temp.o
 .group         0x00000000        0xc C:\Users\admin\AppData\Local\Temp\ccsc6epR.debug.temp.o
 .group         0x00000000        0xc C:\Users\admin\AppData\Local\Temp\ccsc6epR.debug.temp.o
 .group         0x00000000        0xc C:\Users\admin\AppData\Local\Temp\ccsc6epR.debug.temp.o
 .group         0x00000000        0xc C:\Users\admin\AppData\Local\Temp\ccsc6epR.debug.temp.o
 .group         0x00000000        0xc C:\Users\admin\AppData\Local\Temp\ccsc6epR.debug.temp.o
 .group         0x00000000        0xc C:\Users\admin\AppData\Local\Temp\ccsc6epR.debug.temp.o
 .group         0x00000000        0xc C:\Users\admin\AppData\Local\Temp\ccsc6epR.debug.temp.o
 .group         0x00000000        0xc C:\Users\admin\AppData\Local\Temp\ccsc6epR.debug.temp.o
 .group         0x00000000        0xc C:\Users\admin\AppData\Local\Temp\ccsc6epR.debug.temp.o
 .group         0x00000000        0xc C:\Users\admin\AppData\Local\Temp\ccsc6epR.debug.temp.o
 .group         0x00000000        0xc C:\Users\admin\AppData\Local\Temp\ccsc6epR.debug.temp.o
 .group         0x00000000        0xc C:\Users\admin\AppData\Local\Temp\ccsc6epR.debug.temp.o
 .group         0x00000000        0xc C:\Users\admin\AppData\Local\Temp\ccsc6epR.debug.temp.o
 .group         0x00000000        0xc C:\Users\admin\AppData\Local\Temp\ccsc6epR.debug.temp.o
 .group         0x00000000        0xc C:\Users\admin\AppData\Local\Temp\ccsc6epR.debug.temp.o
 .group         0x00000000        0xc C:\Users\admin\AppData\Local\Temp\ccsc6epR.debug.temp.o
 .group         0x00000000        0xc C:\Users\admin\AppData\Local\Temp\ccsc6epR.debug.temp.o
 .group         0x00000000        0xc C:\Users\admin\AppData\Local\Temp\ccsc6epR.debug.temp.o
 .group         0x00000000        0xc C:\Users\admin\AppData\Local\Temp\ccsc6epR.debug.temp.o
 .group         0x00000000        0xc C:\Users\admin\AppData\Local\Temp\ccsc6epR.debug.temp.o
 .group         0x00000000        0xc C:\Users\admin\AppData\Local\Temp\ccsc6epR.debug.temp.o
 .group         0x00000000        0xc C:\Users\admin\AppData\Local\Temp\ccsc6epR.debug.temp.o
 .group         0x00000000        0xc C:\Users\admin\AppData\Local\Temp\ccsc6epR.debug.temp.o
 .group         0x00000000        0xc C:\Users\admin\AppData\Local\Temp\ccsc6epR.debug.temp.o
 .group         0x00000000        0xc C:\Users\admin\AppData\Local\Temp\ccsc6epR.debug.temp.o
 .group         0x00000000        0xc C:\Users\admin\AppData\Local\Temp\ccsc6epR.debug.temp.o
 .group         0x00000000        0xc C:\Users\admin\AppData\Local\Temp\ccsc6epR.debug.temp.o
 .group         0x00000000        0xc C:\Users\admin\AppData\Local\Temp\ccsc6epR.debug.temp.o
 .group         0x00000000        0xc C:\Users\admin\AppData\Local\Temp\ccsc6epR.debug.temp.o
 .debug_macro   0x00000000      0x7f0 C:\Users\admin\AppData\Local\Temp\ccsc6epR.debug.temp.o
 .debug_macro   0x00000000       0x1c C:\Users\admin\AppData\Local\Temp\ccsc6epR.debug.temp.o
 .debug_macro   0x00000000       0x22 C:\Users\admin\AppData\Local\Temp\ccsc6epR.debug.temp.o
 .debug_macro   0x00000000       0x8e C:\Users\admin\AppData\Local\Temp\ccsc6epR.debug.temp.o
 .debug_macro   0x00000000       0x51 C:\Users\admin\AppData\Local\Temp\ccsc6epR.debug.temp.o
 .debug_macro   0x00000000      0x103 C:\Users\admin\AppData\Local\Temp\ccsc6epR.debug.temp.o
 .debug_macro   0x00000000       0x6a C:\Users\admin\AppData\Local\Temp\ccsc6epR.debug.temp.o
 .debug_macro   0x00000000      0x1df C:\Users\admin\AppData\Local\Temp\ccsc6epR.debug.temp.o
 .debug_macro   0x00000000     0x6f67 C:\Users\admin\AppData\Local\Temp\ccsc6epR.debug.temp.o
 .debug_macro   0x00000000       0x40 C:\Users\admin\AppData\Local\Temp\ccsc6epR.debug.temp.o
 .debug_macro   0x00000000       0x10 C:\Users\admin\AppData\Local\Temp\ccsc6epR.debug.temp.o
 .debug_macro   0x00000000       0x22 C:\Users\admin\AppData\Local\Temp\ccsc6epR.debug.temp.o
 .debug_macro   0x00000000      0x10a C:\Users\admin\AppData\Local\Temp\ccsc6epR.debug.temp.o
 .debug_macro   0x00000000       0x46 C:\Users\admin\AppData\Local\Temp\ccsc6epR.debug.temp.o
 .debug_macro   0x00000000      0x2eb C:\Users\admin\AppData\Local\Temp\ccsc6epR.debug.temp.o
 .debug_macro   0x00000000       0x95 C:\Users\admin\AppData\Local\Temp\ccsc6epR.debug.temp.o
 .debug_macro   0x00000000       0x44 C:\Users\admin\AppData\Local\Temp\ccsc6epR.debug.temp.o
 .debug_macro   0x00000000       0x44 C:\Users\admin\AppData\Local\Temp\ccsc6epR.debug.temp.o
 .debug_macro   0x00000000       0xf6 C:\Users\admin\AppData\Local\Temp\ccsc6epR.debug.temp.o
 .debug_macro   0x00000000       0x1c C:\Users\admin\AppData\Local\Temp\ccsc6epR.debug.temp.o
 .debug_macro   0x00000000       0x34 C:\Users\admin\AppData\Local\Temp\ccsc6epR.debug.temp.o
 .debug_macro   0x00000000      0x10c C:\Users\admin\AppData\Local\Temp\ccsc6epR.debug.temp.o
 .debug_macro   0x00000000       0xd6 C:\Users\admin\AppData\Local\Temp\ccsc6epR.debug.temp.o
 .debug_macro   0x00000000       0x20 C:\Users\admin\AppData\Local\Temp\ccsc6epR.debug.temp.o
 .debug_macro   0x00000000       0x3b C:\Users\admin\AppData\Local\Temp\ccsc6epR.debug.temp.o
 .debug_macro   0x00000000       0x34 C:\Users\admin\AppData\Local\Temp\ccsc6epR.debug.temp.o
 .debug_macro   0x00000000       0x16 C:\Users\admin\AppData\Local\Temp\ccsc6epR.debug.temp.o
 .debug_macro   0x00000000       0x9e C:\Users\admin\AppData\Local\Temp\ccsc6epR.debug.temp.o
 .debug_macro   0x00000000      0x364 C:\Users\admin\AppData\Local\Temp\ccsc6epR.debug.temp.o
 .debug_macro   0x00000000      0x112 C:\Users\admin\AppData\Local\Temp\ccsc6epR.debug.temp.o
 .debug_macro   0x00000000       0x10 C:\Users\admin\AppData\Local\Temp\ccsc6epR.debug.temp.o
 .debug_macro   0x00000000       0x16 C:\Users\admin\AppData\Local\Temp\ccsc6epR.debug.temp.o
 .debug_macro   0x00000000       0x4a C:\Users\admin\AppData\Local\Temp\ccsc6epR.debug.temp.o
 .debug_macro   0x00000000       0x34 C:\Users\admin\AppData\Local\Temp\ccsc6epR.debug.temp.o
 .debug_macro   0x00000000       0x10 C:\Users\admin\AppData\Local\Temp\ccsc6epR.debug.temp.o
 .debug_macro   0x00000000       0x58 C:\Users\admin\AppData\Local\Temp\ccsc6epR.debug.temp.o
 .debug_macro   0x00000000      0x1de C:\Users\admin\AppData\Local\Temp\ccsc6epR.debug.temp.o
 .debug_macro   0x00000000       0x16 C:\Users\admin\AppData\Local\Temp\ccsc6epR.debug.temp.o
 .debug_macro   0x00000000       0x16 C:\Users\admin\AppData\Local\Temp\ccsc6epR.debug.temp.o
 .debug_macro   0x00000000      0x170 C:\Users\admin\AppData\Local\Temp\ccsc6epR.debug.temp.o
 .comment       0x00000000       0x13 C:\Users\admin\AppData\Local\Temp\ccsc6epR.debug.temp.o
 .note.GNU-stack
                0x00000000        0x0 C:\Users\admin\AppData\Local\Temp\ccsc6epR.debug.temp.o
 .group         0x00000000        0xc C:\Users\admin\AppData\Local\Temp\ccpkqgRD.debug.temp.o
 .group         0x00000000        0xc C:\Users\admin\AppData\Local\Temp\ccpkqgRD.debug.temp.o
 .group         0x00000000        0xc C:\Users\admin\AppData\Local\Temp\ccpkqgRD.debug.temp.o
 .group         0x00000000        0xc C:\Users\admin\AppData\Local\Temp\ccpkqgRD.debug.temp.o
 .group         0x00000000        0xc C:\Users\admin\AppData\Local\Temp\ccpkqgRD.debug.temp.o
 .group         0x00000000        0xc C:\Users\admin\AppData\Local\Temp\ccpkqgRD.debug.temp.o
 .group         0x00000000        0xc C:\Users\admin\AppData\Local\Temp\ccpkqgRD.debug.temp.o
 .group         0x00000000        0xc C:\Users\admin\AppData\Local\Temp\ccpkqgRD.debug.temp.o
 .group         0x00000000        0xc C:\Users\admin\AppData\Local\Temp\ccpkqgRD.debug.temp.o
 .group         0x00000000        0xc C:\Users\admin\AppData\Local\Temp\ccpkqgRD.debug.temp.o
 .debug_macro   0x00000000      0x7f0 C:\Users\admin\AppData\Local\Temp\ccpkqgRD.debug.temp.o
 .debug_macro   0x00000000       0x1c C:\Users\admin\AppData\Local\Temp\ccpkqgRD.debug.temp.o
 .debug_macro   0x00000000       0x22 C:\Users\admin\AppData\Local\Temp\ccpkqgRD.debug.temp.o
 .debug_macro   0x00000000       0x8e C:\Users\admin\AppData\Local\Temp\ccpkqgRD.debug.temp.o
 .debug_macro   0x00000000       0x51 C:\Users\admin\AppData\Local\Temp\ccpkqgRD.debug.temp.o
 .debug_macro   0x00000000      0x103 C:\Users\admin\AppData\Local\Temp\ccpkqgRD.debug.temp.o
 .debug_macro   0x00000000       0x6a C:\Users\admin\AppData\Local\Temp\ccpkqgRD.debug.temp.o
 .debug_macro   0x00000000      0x1df C:\Users\admin\AppData\Local\Temp\ccpkqgRD.debug.temp.o
 .debug_macro   0x00000000     0x6f67 C:\Users\admin\AppData\Local\Temp\ccpkqgRD.debug.temp.o
 .debug_macro   0x00000000       0x34 C:\Users\admin\AppData\Local\Temp\ccpkqgRD.debug.temp.o
 .comment       0x00000000       0x13 C:\Users\admin\AppData\Local\Temp\ccpkqgRD.debug.temp.o
 .note.GNU-stack
                0x00000000        0x0 C:\Users\admin\AppData\Local\Temp\ccpkqgRD.debug.temp.o
 .text          0x00000000        0x0 ./platform/source/startup_k1921vg015.o
 .data          0x00000000        0x0 ./platform/source/startup_k1921vg015.o
 .bss           0x00000000        0x0 ./platform/source/startup_k1921vg015.o
 .data          0x00000000        0x0 D:/Programs/sc-dt/riscv-gcc/bin/../lib/gcc/riscv64-unknown-elf/14.2.0/../../../../riscv64-unknown-elf/lib/rv32imfc_zicsr/ilp32f\libc.a(libc_a-memset.o)
 .bss           0x00000000        0x0 D:/Programs/sc-dt/riscv-gcc/bin/../lib/gcc/riscv64-unknown-elf/14.2.0/../../../../riscv64-unknown-elf/lib/rv32imfc_zicsr/ilp32f\libc.a(libc_a-memset.o)
 .text          0x00000000        0x0 D:/Programs/sc-dt/riscv-gcc/bin/../lib/gcc/riscv64-unknown-elf/14.2.0/../../../../riscv64-unknown-elf/lib/rv32imfc_zicsr/ilp32f\libc.a(libc_a-memcpy.o)
 .data          0x00000000        0x0 D:/Programs/sc-dt/riscv-gcc/bin/../lib/gcc/riscv64-unknown-elf/14.2.0/../../../../riscv64-unknown-elf/lib/rv32imfc_zicsr/ilp32f\libc.a(libc_a-memcpy.o)
 .bss           0x00000000        0x0 D:/Programs/sc-dt/riscv-gcc/bin/../lib/gcc/riscv64-unknown-elf/14.2.0/../../../../riscv64-unknown-elf/lib/rv32imfc_zicsr/ilp32f\libc.a(libc_a-memcpy.o)
 .data          0x00000000        0x0 D:/Programs/sc-dt/riscv-gcc/bin/../lib/gcc/riscv64-unknown-elf/14.2.0/rv32imfc_zicsr/ilp32f\libgcc.a(_udivdi3.o)
 .bss           0x00000000        0x0 D:/Programs/sc-dt/riscv-gcc/bin/../lib/gcc/riscv64-unknown-elf/14.2.0/rv32imfc_zicsr/ilp32f\libgcc.a(_udivdi3.o)
 .eh_frame      0x00000000       0x28 D:/Programs/sc-dt/riscv-gcc/bin/../lib/gcc/riscv64-unknown-elf/14.2.0/rv32imfc_zicsr/ilp32f\libgcc.a(_udivdi3.o)
 .text          0x00000000        0x0 D:/Programs/sc-dt/riscv-gcc/bin/../lib/gcc/riscv64-unknown-elf/14.2.0/rv32imfc_zicsr/ilp32f\libgcc.a(_clz.o)
 .data          0x00000000        0x0 D:/Programs/sc-dt/riscv-gcc/bin/../lib/gcc/riscv64-unknown-elf/14.2.0/rv32imfc_zicsr/ilp32f\libgcc.a(_clz.o)
 .bss           0x00000000        0x0 D:/Programs/sc-dt/riscv-gcc/bin/../lib/gcc/riscv64-unknown-elf/14.2.0/rv32imfc_zicsr/ilp32f\libgcc.a(_clz.o)

Memory Configuration

Name             Origin             Length             Attributes
ROM              0x80000000         0x00100000         xrw
RAM0             0x40000000         0x00040000         xrw
RAM1             0x10000000         0x00010000         xrw
*default*        0x00000000         0xffffffff

Linker script and memory map

LOAD ./plib015/src/plib015_gpio.o
LOAD C:\Users\admin\AppData\Local\Temp\cc9aECiR.ltrans0.ltrans.o
LOAD C:\Users\admin\AppData\Local\Temp\ccT953sh.debug.temp.o
LOAD C:\Users\admin\AppData\Local\Temp\ccQ1Rvn0.debug.temp.o
LOAD C:\Users\admin\AppData\Local\Temp\ccboLogN.debug.temp.o
LOAD C:\Users\admin\AppData\Local\Temp\cce1dfYz.debug.temp.o
LOAD C:\Users\admin\AppData\Local\Temp\ccnfug5m.debug.temp.o
LOAD C:\Users\admin\AppData\Local\Temp\cc8ccfja.debug.temp.o
LOAD C:\Users\admin\AppData\Local\Temp\ccPkImiX.debug.temp.o
LOAD C:\Users\admin\AppData\Local\Temp\ccqtEQiK.debug.temp.o
LOAD C:\Users\admin\AppData\Local\Temp\ccFUJhBw.debug.temp.o
LOAD C:\Users\admin\AppData\Local\Temp\cc8W6TEi.debug.temp.o
LOAD C:\Users\admin\AppData\Local\Temp\ccxdGwP4.debug.temp.o
LOAD C:\Users\admin\AppData\Local\Temp\ccsc6epR.debug.temp.o
LOAD C:\Users\admin\AppData\Local\Temp\ccpkqgRD.debug.temp.o
LOAD ./plib015/src/plib015_i2c.o
LOAD ./plib015/src/plib015_rcu.o
LOAD ./plib015/src/plib015_spi.o
LOAD ./plib015/src/plib015_uart.o
LOAD ./platform/source/mtimer.o
LOAD ./platform/source/plic.o
LOAD ./platform/source/printf.o
LOAD ./platform/source/riscv-irq.o
LOAD ./platform/source/startup_k1921vg015.o
LOAD ./platform/source/sys_init.o
LOAD ./platform/source/system_k1921vg015.o
LOAD ./main.o
LOAD ./retarget.o
LOAD D:/Programs/sc-dt/riscv-gcc/bin/../lib/gcc/riscv64-unknown-elf/14.2.0/rv32imfc_zicsr/ilp32f\libgcc.a
LOAD D:/Programs/sc-dt/riscv-gcc/bin/../lib/gcc/riscv64-unknown-elf/14.2.0/../../../../riscv64-unknown-elf/lib/rv32imfc_zicsr/ilp32f\libstdc++.a
LOAD D:/Programs/sc-dt/riscv-gcc/bin/../lib/gcc/riscv64-unknown-elf/14.2.0/../../../../riscv64-unknown-elf/lib/rv32imfc_zicsr/ilp32f\libm.a
LOAD D:/Programs/sc-dt/riscv-gcc/bin/../lib/gcc/riscv64-unknown-elf/14.2.0/../../../../riscv64-unknown-elf/lib/rv32imfc_zicsr/ilp32f\libc.a
LOAD D:/Programs/sc-dt/riscv-gcc/bin/../lib/gcc/riscv64-unknown-elf/14.2.0/rv32imfc_zicsr/ilp32f\libgcc.a
START GROUP
LOAD D:/Programs/sc-dt/riscv-gcc/bin/../lib/gcc/riscv64-unknown-elf/14.2.0/../../../../riscv64-unknown-elf/lib/rv32imfc_zicsr/ilp32f\libc.a
LOAD D:/Programs/sc-dt/riscv-gcc/bin/../lib/gcc/riscv64-unknown-elf/14.2.0/../../../../riscv64-unknown-elf/lib/rv32imfc_zicsr/ilp32f\libgloss.a
END GROUP
LOAD D:/Programs/sc-dt/riscv-gcc/bin/../lib/gcc/riscv64-unknown-elf/14.2.0/rv32imfc_zicsr/ilp32f\libgcc.a
                0x00000800                        STACK_SIZE = 0x800
                0x00000800                        STACK_SIZE = DEFINED (STACK_SIZE)?STACK_SIZE:0x800

.text.startup   0x80000000      0x160
 *(.startup.entry .startup.*)
 .startup.entry
                0x80000000       0xa0 ./platform/source/startup_k1921vg015.o
                0x80000000                _start
                0x80000084                _hart_halt
                0x80000094                exit
                0x80000098                abort
                0x8000009c                app_init
                0x800000a0                        . = ALIGN (0x10)
 *(.init.rodata .init.rodata.*)
                0x800000a0                        . = ALIGN (0x10)
 *(.init.data .init.data.*)
                0x800000a0                        . = ALIGN (0x10)
 *(.init.text .init.text.*)
 .init.text     0x800000a0       0xb4 C:\Users\admin\AppData\Local\Temp\cc9aECiR.ltrans0.ltrans.o
                0x800000a0                plf_init
                0x80000160                        . = ALIGN (0x10)
 *fill*         0x80000154        0xc 
                0x80000000                        __TEXT_INIT_START__ = LOADADDR (.text.startup)
                0x00000160                        __TEXT_INIT_SIZE__ = SIZEOF (.text.startup)

.text.crt       0x80000180      0x184
 *(.text.crt*)
 .text.crt.trap_entry
                0x80000180      0x184 ./platform/source/startup_k1921vg015.o
                0x80000180                trap_entry

.text           0x80000304      0xbce
                [!provide]                        PROVIDE (__TEXT_START__ = .)
 *(.text .text.*)
 .text.GPIO_PullModeConfig
                0x80000304        0xe C:\Users\admin\AppData\Local\Temp\cc9aECiR.ltrans0.ltrans.o
 .text.GPIO_AltFuncNumConfig
                0x80000312       0x3c C:\Users\admin\AppData\Local\Temp\cc9aECiR.ltrans0.ltrans.o
 .text.SPI_Init
                0x8000034e       0x44 C:\Users\admin\AppData\Local\Temp\cc9aECiR.ltrans0.ltrans.o
 .text.SPI_StructInit
                0x80000392       0x16 C:\Users\admin\AppData\Local\Temp\cc9aECiR.ltrans0.ltrans.o
 .text.PLIC_SetIrqHandler
                0x800003a8       0x1e C:\Users\admin\AppData\Local\Temp\cc9aECiR.ltrans0.ltrans.o
 .text.PLIC_SetPriority
                0x800003c6        0xc C:\Users\admin\AppData\Local\Temp\cc9aECiR.ltrans0.ltrans.o
 .text.PLIC_IntEnable
                0x800003d2       0x2a C:\Users\admin\AppData\Local\Temp\cc9aECiR.ltrans0.ltrans.o
 .text.PLIC_ClaimIrq
                0x800003fc       0x12 C:\Users\admin\AppData\Local\Temp\cc9aECiR.ltrans0.ltrans.o
 .text.PLIC_ClaimComplete
                0x8000040e       0x12 C:\Users\admin\AppData\Local\Temp\cc9aECiR.ltrans0.ltrans.o
 .text.PLIC_SetThreshold
                0x80000420       0x12 C:\Users\admin\AppData\Local\Temp\cc9aECiR.ltrans0.ltrans.o
 .text.PLIC_MachHandler
                0x80000432       0x2a C:\Users\admin\AppData\Local\Temp\cc9aECiR.ltrans0.ltrans.o
 .text.SystemCoreClockUpdate
                0x8000045c      0x24a C:\Users\admin\AppData\Local\Temp\cc9aECiR.ltrans0.ltrans.o
 .text.ClkInit  0x800006a6       0xe6 C:\Users\admin\AppData\Local\Temp\cc9aECiR.ltrans0.ltrans.o
 .text.InterruptEnable
                0x8000078c       0x26 C:\Users\admin\AppData\Local\Temp\cc9aECiR.ltrans0.ltrans.o
 .text.SystemInit
                0x800007b2        0xc C:\Users\admin\AppData\Local\Temp\cc9aECiR.ltrans0.ltrans.o
 .text.gpio_init
                0x800007be       0x44 C:\Users\admin\AppData\Local\Temp\cc9aECiR.ltrans0.ltrans.o
 .text.SPI0_init
                0x80000802       0xb4 C:\Users\admin\AppData\Local\Temp\cc9aECiR.ltrans0.ltrans.o
 .text.retarget_init
                0x800008b6       0x6c C:\Users\admin\AppData\Local\Temp\cc9aECiR.ltrans0.ltrans.o
 .text.periph_init
                0x80000922       0x14 C:\Users\admin\AppData\Local\Temp\cc9aECiR.ltrans0.ltrans.o
 .text.trap_handler
                0x80000936       0x16 C:\Users\admin\AppData\Local\Temp\cc9aECiR.ltrans0.ltrans.o
                0x80000936                trap_handler
 .text.main     0x8000094c       0x4c C:\Users\admin\AppData\Local\Temp\cc9aECiR.ltrans0.ltrans.o
                0x8000094c                main
 .text          0x80000998       0xa8 D:/Programs/sc-dt/riscv-gcc/bin/../lib/gcc/riscv64-unknown-elf/14.2.0/../../../../riscv64-unknown-elf/lib/rv32imfc_zicsr/ilp32f\libc.a(libc_a-memset.o)
                0x80000998                memset
 .text.memcpy   0x80000a40       0xec D:/Programs/sc-dt/riscv-gcc/bin/../lib/gcc/riscv64-unknown-elf/14.2.0/../../../../riscv64-unknown-elf/lib/rv32imfc_zicsr/ilp32f\libc.a(libc_a-memcpy.o)
                0x80000a40                memcpy
 .text          0x80000b2c      0x3a6 D:/Programs/sc-dt/riscv-gcc/bin/../lib/gcc/riscv64-unknown-elf/14.2.0/rv32imfc_zicsr/ilp32f\libgcc.a(_udivdi3.o)
                0x80000b2c                __udivdi3
                [!provide]                        PROVIDE (__TEXT_END__ = .)

.init_array     0x40000000        0x0 load address 0x80000ed4
 *(SORT_BY_NAME(.init_array*))

.fini_array     0x40000000        0x0 load address 0x80000ed4
 *(SORT_BY_NAME(.fini_array*))

.tdata          0x80000ed4        0x0
                [!provide]                        PROVIDE (_tls_data = .)
                0x80000ed4                        PROVIDE (_tdata_start = .)
 *(.tdata .tdata.*)
                [!provide]                        PROVIDE (_tdata_end = .)

.tbss           0x80000ed4        0x0
                [!provide]                        PROVIDE (_tbss_start = .)
 *(.tbss .tbss.*)
                0x80000ed4                        . = ALIGN (0x4)
                0x80000ed4                        PROVIDE (_tbss_end = .)
                0x00000000                        __TLS_SIZE__ = (((_tbss_end - _tdata_start) + 0xf) & 0xfffffffffffffff0)

.rodata         0x80000ed4      0x100
 *(.rodata)
 .rodata        0x80000ed4      0x100 D:/Programs/sc-dt/riscv-gcc/bin/../lib/gcc/riscv64-unknown-elf/14.2.0/rv32imfc_zicsr/ilp32f\libgcc.a(_clz.o)
                0x80000ed4                __clz_tab
 *(.rodata.*)
 *(.gnu.linkonce.r.*)

.rela.dyn       0x80000fd4        0x0
 .rela.startup.entry
                0x80000fd4        0x0 ./platform/source/startup_k1921vg015.o
 .rela.text.crt.trap_entry
                0x80000fd4        0x0 ./platform/source/startup_k1921vg015.o
 .rela.text.SPI0_init
                0x80000fd4        0x0 ./platform/source/startup_k1921vg015.o
 .rela.init.text
                0x80000fd4        0x0 ./platform/source/startup_k1921vg015.o

.srodata
 *(.srodata.cst16)
 *(.srodata.cst8)
 *(.srodata.cst4)
 *(.srodata.cst2)
 *(.srodata*)

.sdata          0x40000000        0x0 load address 0x80000fd4
                0x40000000                        __SDATA_BEGIN__ = .
 *(.sdata .sdata.* .sdata2.* .gnu.linkonce.s.*)

.data           0x40000000      0x100 load address 0x80000fd4
                0x40000000                        __DATA_BEGIN__ = .
 *(.data .data.* .gnu.linkonce.d.*)
 .data          0x40000000      0x100 C:\Users\admin\AppData\Local\Temp\cc9aECiR.ltrans0.ltrans.o
                0x40000100                        _edata = .
                [!provide]                        PROVIDE (edata = .)
                0x80000fd4                        PROVIDE (__data_source_start = LOADADDR (.data))
                0x40000000                        PROVIDE (__data_target_start = ADDR (.data))
                0x40000100                        PROVIDE (__data_target_end = (ADDR (.data) + SIZEOF (.data)))
                0x80000fd4                        PROVIDE (__sdata_source_start = LOADADDR (.sdata))
                0x40000000                        PROVIDE (__sdata_target_start = ADDR (.sdata))
                0x40000000                        PROVIDE (__sdata_target_end = (ADDR (.sdata) + SIZEOF (.sdata)))
                0x80000ed4                        PROVIDE (__init_array_source_start = LOADADDR (.init_array))
                0x40000000                        PROVIDE (__init_array_target_start = ADDR (.init_array))
                0x40000000                        PROVIDE (__init_array_target_end = (ADDR (.init_array) + SIZEOF (.init_array)))
                0x80000ed4                        PROVIDE (__fini_array_source_start = LOADADDR (.fini_array))
                0x40000000                        PROVIDE (__fini_array_target_start = ADDR (.fini_array))
                0x40000000                        PROVIDE (__fini_array_target_end = (ADDR (.fini_array) + SIZEOF (.fini_array)))

.sbss           0x40000100       0x18 load address 0x800010d4
                0x40000100                        PROVIDE (__bss_start = .)
 *(.sbss .sbss.* .gnu.linkonce.sb.*)
 .sbss.pb12_state
                0x40000100        0x4 C:\Users\admin\AppData\Local\Temp\cc9aECiR.ltrans0.ltrans.o
 .sbss.led_shift
                0x40000104        0x4 C:\Users\admin\AppData\Local\Temp\cc9aECiR.ltrans0.ltrans.o
 .sbss.USBClock
                0x40000108        0x4 C:\Users\admin\AppData\Local\Temp\cc9aECiR.ltrans0.ltrans.o
 .sbss.SystemPll1Clock
                0x4000010c        0x4 C:\Users\admin\AppData\Local\Temp\cc9aECiR.ltrans0.ltrans.o
 .sbss.SystemPll0Clock
                0x40000110        0x4 C:\Users\admin\AppData\Local\Temp\cc9aECiR.ltrans0.ltrans.o
 .sbss.SystemCoreClock
                0x40000114        0x4 C:\Users\admin\AppData\Local\Temp\cc9aECiR.ltrans0.ltrans.o
 *(.scommon)

.bss            0x40000118        0x0 load address 0x800010d4
 *(.bss .bss.* .gnu.linkonce.b.*)
 *(COMMON)
                0x40000118                        . = ALIGN (0x4)
                0x40000118                        __BSS_END__ = .
                0x40000118                        PROVIDE (__bss_end = .)
                [!provide]                        PROVIDE (_end = .)
                [!provide]                        PROVIDE (__end = .)
                0x40000780                        __global_pointer$ = MIN ((__DATA_BEGIN__ + 0x780), MAX ((__SDATA_BEGIN__ + 0x780), (__BSS_END__ - 0x780)))

.stack          0x4003f800      0x800
                0x4003f800                        PROVIDE (__STACK_START__ = .)
                0x40040000                        . = (. + STACK_SIZE)
 *fill*         0x4003f800      0x800 
                [!provide]                        PROVIDE (__C_STACK_TOP__ = .)
                [!provide]                        PROVIDE (__STACK_END__ = .)
                0x40040000                        PROVIDE (__TLS0_BASE__ = .)
                0x40000120                        _heap_start = ALIGN (__bss_end, 0x10)
                0x4003f800                        _heap_end = DEFINED (HEAP_FIXED_AFTER_BSS)?MIN (ALIGN (__STACK_START__, 0x10), (_heap_start + HEAP_FIXED_AFTER_BSS)):ALIGN (__STACK_START__, 0x10)

/DISCARD/
 *(.init.text.plf_init_relocate)
 *(.eh_frame .eh_frame.*)
OUTPUT(gpio_led_run.elf elf32-littleriscv)

.debug_info     0x00000000     0xf510
 .debug_info    0x00000000      0xa0b C:\Users\admin\AppData\Local\Temp\cc9aECiR.ltrans0.ltrans.o
 .debug_info    0x00000a0b     0x290f C:\Users\admin\AppData\Local\Temp\ccT953sh.debug.temp.o
                0x00000a0b                plib015_gpio.c.da3e0bd1
 .debug_info    0x0000331a     0x1420 C:\Users\admin\AppData\Local\Temp\cce1dfYz.debug.temp.o
                0x0000331a                plib015_spi.c.0704c418
 .debug_info    0x0000473a      0x39e C:\Users\admin\AppData\Local\Temp\ccPkImiX.debug.temp.o
                0x0000473a                plic.c.f5107a25
 .debug_info    0x00004ad8      0x1cd C:\Users\admin\AppData\Local\Temp\cc8W6TEi.debug.temp.o
                0x00004ad8                sys_init.c.09118c5c
 .debug_info    0x00004ca5     0x3cd3 C:\Users\admin\AppData\Local\Temp\ccxdGwP4.debug.temp.o
                0x00004ca5                system_k1921vg015.c.59b8d9ff
 .debug_info    0x00008978     0x3ca1 C:\Users\admin\AppData\Local\Temp\ccsc6epR.debug.temp.o
                0x00008978                main.c.ac465ea3
 .debug_info    0x0000c619     0x2ec6 C:\Users\admin\AppData\Local\Temp\ccpkqgRD.debug.temp.o
                0x0000c619                retarget.c.07a79a54
 .debug_info    0x0000f4df       0x31 ./platform/source/startup_k1921vg015.o

.debug_abbrev   0x00000000      0xd79
 .debug_abbrev  0x00000000       0xe4 C:\Users\admin\AppData\Local\Temp\cc9aECiR.ltrans0.ltrans.o
 .debug_abbrev  0x000000e4      0x20a C:\Users\admin\AppData\Local\Temp\ccT953sh.debug.temp.o
 .debug_abbrev  0x000002ee      0x1c5 C:\Users\admin\AppData\Local\Temp\cce1dfYz.debug.temp.o
 .debug_abbrev  0x000004b3      0x167 C:\Users\admin\AppData\Local\Temp\ccPkImiX.debug.temp.o
 .debug_abbrev  0x0000061a       0xd4 C:\Users\admin\AppData\Local\Temp\cc8W6TEi.debug.temp.o
 .debug_abbrev  0x000006ee      0x213 C:\Users\admin\AppData\Local\Temp\ccxdGwP4.debug.temp.o
 .debug_abbrev  0x00000901      0x2e6 C:\Users\admin\AppData\Local\Temp\ccsc6epR.debug.temp.o
 .debug_abbrev  0x00000be7      0x16e C:\Users\admin\AppData\Local\Temp\ccpkqgRD.debug.temp.o
 .debug_abbrev  0x00000d55       0x24 ./platform/source/startup_k1921vg015.o

.debug_loclists
                0x00000000      0x48e
 .debug_loclists
                0x00000000      0x48e C:\Users\admin\AppData\Local\Temp\cc9aECiR.ltrans0.ltrans.o

.debug_aranges  0x00000000       0xf0
 .debug_aranges
                0x00000000       0xc8 C:\Users\admin\AppData\Local\Temp\cc9aECiR.ltrans0.ltrans.o
 .debug_aranges
                0x000000c8       0x28 ./platform/source/startup_k1921vg015.o

.debug_rnglists
                0x00000000       0xb0
 .debug_rnglists
                0x00000000       0x95 C:\Users\admin\AppData\Local\Temp\cc9aECiR.ltrans0.ltrans.o
 .debug_rnglists
                0x00000095       0x1b ./platform/source/startup_k1921vg015.o

.debug_line     0x00000000     0x1912
 .debug_line    0x00000000     0x12cc C:\Users\admin\AppData\Local\Temp\cc9aECiR.ltrans0.ltrans.o
 .debug_line    0x000012cc       0xb1 C:\Users\admin\AppData\Local\Temp\ccT953sh.debug.temp.o
 .debug_line    0x0000137d       0xb1 C:\Users\admin\AppData\Local\Temp\cce1dfYz.debug.temp.o
 .debug_line    0x0000142e       0x80 C:\Users\admin\AppData\Local\Temp\ccPkImiX.debug.temp.o
 .debug_line    0x000014ae       0xf3 C:\Users\admin\AppData\Local\Temp\cc8W6TEi.debug.temp.o
 .debug_line    0x000015a1       0x8f C:\Users\admin\AppData\Local\Temp\ccxdGwP4.debug.temp.o
 .debug_line    0x00001630      0x110 C:\Users\admin\AppData\Local\Temp\ccsc6epR.debug.temp.o
 .debug_line    0x00001740       0x7b C:\Users\admin\AppData\Local\Temp\ccpkqgRD.debug.temp.o
 .debug_line    0x000017bb      0x157 ./platform/source/startup_k1921vg015.o

.debug_str      0x00000000    0x3065c
 .debug_str     0x00000000      0x18a C:\Users\admin\AppData\Local\Temp\cc9aECiR.ltrans0.ltrans.o
 .debug_str     0x00000000    0x27d9c C:\Users\admin\AppData\Local\Temp\ccT953sh.debug.temp.o
 .debug_str     0x00000000    0x278cc C:\Users\admin\AppData\Local\Temp\cce1dfYz.debug.temp.o
 .debug_str     0x00000000     0x4124 C:\Users\admin\AppData\Local\Temp\ccPkImiX.debug.temp.o
 .debug_str     0x00000000     0x7bae C:\Users\admin\AppData\Local\Temp\cc8W6TEi.debug.temp.o
 .debug_str     0x00000000    0x24bf5 C:\Users\admin\AppData\Local\Temp\ccxdGwP4.debug.temp.o
 .debug_str     0x00000000    0x2d7b5 C:\Users\admin\AppData\Local\Temp\ccsc6epR.debug.temp.o
 .debug_str     0x00000000    0x2351d C:\Users\admin\AppData\Local\Temp\ccpkqgRD.debug.temp.o
 .debug_str     0x00000000    0x3065c ./platform/source/startup_k1921vg015.o
                                 0x66 (size before relaxing)

.debug_line_str
                0x00000000      0x48d
 .debug_line_str
                0x00000000      0x140 C:\Users\admin\AppData\Local\Temp\cc9aECiR.ltrans0.ltrans.o
 .debug_line_str
                0x00000000      0x2c3 C:\Users\admin\AppData\Local\Temp\ccT953sh.debug.temp.o
 .debug_line_str
                0x00000000      0x2c1 C:\Users\admin\AppData\Local\Temp\cce1dfYz.debug.temp.o
 .debug_line_str
                0x00000000      0x1f1 C:\Users\admin\AppData\Local\Temp\ccPkImiX.debug.temp.o
 .debug_line_str
                0x00000000      0x2b8 C:\Users\admin\AppData\Local\Temp\cc8W6TEi.debug.temp.o
 .debug_line_str
                0x00000000      0x233 C:\Users\admin\AppData\Local\Temp\ccxdGwP4.debug.temp.o
 .debug_line_str
                0x00000000      0x337 C:\Users\admin\AppData\Local\Temp\ccsc6epR.debug.temp.o
 .debug_line_str
                0x00000000      0x1d8 C:\Users\admin\AppData\Local\Temp\ccpkqgRD.debug.temp.o
 .debug_line_str
                0x00000000      0x48d ./platform/source/startup_k1921vg015.o
                                 0x4d (size before relaxing)

.comment        0x00000000       0x12
 .comment       0x00000000       0x13 C:\Users\admin\AppData\Local\Temp\cc9aECiR.ltrans0.ltrans.o
 .comment       0x00000000       0x12 D:/Programs/sc-dt/riscv-gcc/bin/../lib/gcc/riscv64-unknown-elf/14.2.0/../../../../riscv64-unknown-elf/lib/rv32imfc_zicsr/ilp32f\libc.a(libc_a-memcpy.o)
                                 0x13 (size before relaxing)
 .comment       0x00000012       0x13 D:/Programs/sc-dt/riscv-gcc/bin/../lib/gcc/riscv64-unknown-elf/14.2.0/rv32imfc_zicsr/ilp32f\libgcc.a(_udivdi3.o)
 .comment       0x00000012       0x13 D:/Programs/sc-dt/riscv-gcc/bin/../lib/gcc/riscv64-unknown-elf/14.2.0/rv32imfc_zicsr/ilp32f\libgcc.a(_clz.o)

.note.GNU-stack
                0x00000000        0x0
 .note.GNU-stack
                0x00000000        0x0 C:\Users\admin\AppData\Local\Temp\cc9aECiR.ltrans0.ltrans.o
 .note.GNU-stack
                0x00000000        0x0 D:/Programs/sc-dt/riscv-gcc/bin/../lib/gcc/riscv64-unknown-elf/14.2.0/../../../../riscv64-unknown-elf/lib/rv32imfc_zicsr/ilp32f\libc.a(libc_a-memcpy.o)
 .note.GNU-stack
                0x00000000        0x0 D:/Programs/sc-dt/riscv-gcc/bin/../lib/gcc/riscv64-unknown-elf/14.2.0/rv32imfc_zicsr/ilp32f\libgcc.a(_udivdi3.o)
 .note.GNU-stack
                0x00000000        0x0 D:/Programs/sc-dt/riscv-gcc/bin/../lib/gcc/riscv64-unknown-elf/14.2.0/rv32imfc_zicsr/ilp32f\libgcc.a(_clz.o)

.riscv.attributes
                0x00000000       0x41
 .riscv.attributes
                0x00000000       0x41 C:\Users\admin\AppData\Local\Temp\cc9aECiR.ltrans0.ltrans.o
 .riscv.attributes
                0x00000041       0x3a ./platform/source/startup_k1921vg015.o
 .riscv.attributes
                0x0000007b       0x3b D:/Programs/sc-dt/riscv-gcc/bin/../lib/gcc/riscv64-unknown-elf/14.2.0/../../../../riscv64-unknown-elf/lib/rv32imfc_zicsr/ilp32f\libc.a(libc_a-memset.o)
 .riscv.attributes
                0x000000b6       0x3d D:/Programs/sc-dt/riscv-gcc/bin/../lib/gcc/riscv64-unknown-elf/14.2.0/../../../../riscv64-unknown-elf/lib/rv32imfc_zicsr/ilp32f\libc.a(libc_a-memcpy.o)
 .riscv.attributes
                0x000000f3       0x3d D:/Programs/sc-dt/riscv-gcc/bin/../lib/gcc/riscv64-unknown-elf/14.2.0/rv32imfc_zicsr/ilp32f\libgcc.a(_udivdi3.o)
 .riscv.attributes
                0x00000130       0x3d D:/Programs/sc-dt/riscv-gcc/bin/../lib/gcc/riscv64-unknown-elf/14.2.0/rv32imfc_zicsr/ilp32f\libgcc.a(_clz.o)

.debug_frame    0x00000000      0x214
 .debug_frame   0x00000000      0x214 C:\Users\admin\AppData\Local\Temp\cc9aECiR.ltrans0.ltrans.o

.debug_macro    0x00000000    0x10a3b
 .debug_macro   0x00000000       0xef C:\Users\admin\AppData\Local\Temp\ccT953sh.debug.temp.o
 .debug_macro   0x000000ef      0x7f0 C:\Users\admin\AppData\Local\Temp\ccT953sh.debug.temp.o
 .debug_macro   0x000008df       0x1c C:\Users\admin\AppData\Local\Temp\ccT953sh.debug.temp.o
 .debug_macro   0x000008fb       0x22 C:\Users\admin\AppData\Local\Temp\ccT953sh.debug.temp.o
 .debug_macro   0x0000091d       0x8e C:\Users\admin\AppData\Local\Temp\ccT953sh.debug.temp.o
 .debug_macro   0x000009ab       0x51 C:\Users\admin\AppData\Local\Temp\ccT953sh.debug.temp.o
 .debug_macro   0x000009fc      0x103 C:\Users\admin\AppData\Local\Temp\ccT953sh.debug.temp.o
 .debug_macro   0x00000aff       0x6a C:\Users\admin\AppData\Local\Temp\ccT953sh.debug.temp.o
 .debug_macro   0x00000b69      0x1df C:\Users\admin\AppData\Local\Temp\ccT953sh.debug.temp.o
 .debug_macro   0x00000d48     0x6f67 C:\Users\admin\AppData\Local\Temp\ccT953sh.debug.temp.o
 .debug_macro   0x00007caf       0x40 C:\Users\admin\AppData\Local\Temp\ccT953sh.debug.temp.o
 .debug_macro   0x00007cef       0x10 C:\Users\admin\AppData\Local\Temp\ccT953sh.debug.temp.o
 .debug_macro   0x00007cff       0x22 C:\Users\admin\AppData\Local\Temp\ccT953sh.debug.temp.o
 .debug_macro   0x00007d21       0x40 C:\Users\admin\AppData\Local\Temp\ccT953sh.debug.temp.o
 .debug_macro   0x00007d61      0x2eb C:\Users\admin\AppData\Local\Temp\ccT953sh.debug.temp.o
 .debug_macro   0x0000804c       0x95 C:\Users\admin\AppData\Local\Temp\ccT953sh.debug.temp.o
 .debug_macro   0x000080e1       0x44 C:\Users\admin\AppData\Local\Temp\ccT953sh.debug.temp.o
 .debug_macro   0x00008125       0x44 C:\Users\admin\AppData\Local\Temp\ccT953sh.debug.temp.o
 .debug_macro   0x00008169       0xf6 C:\Users\admin\AppData\Local\Temp\ccT953sh.debug.temp.o
 .debug_macro   0x0000825f      0x10a C:\Users\admin\AppData\Local\Temp\ccT953sh.debug.temp.o
 .debug_macro   0x00008369       0xef C:\Users\admin\AppData\Local\Temp\cce1dfYz.debug.temp.o
 .debug_macro   0x00008458       0x8f C:\Users\admin\AppData\Local\Temp\cce1dfYz.debug.temp.o
 .debug_macro   0x000084e7       0xe9 C:\Users\admin\AppData\Local\Temp\ccPkImiX.debug.temp.o
 .debug_macro   0x000085d0       0x1c C:\Users\admin\AppData\Local\Temp\ccPkImiX.debug.temp.o
 .debug_macro   0x000085ec       0x34 C:\Users\admin\AppData\Local\Temp\ccPkImiX.debug.temp.o
 .debug_macro   0x00008620       0xd0 C:\Users\admin\AppData\Local\Temp\ccPkImiX.debug.temp.o
 .debug_macro   0x000086f0      0x1bf C:\Users\admin\AppData\Local\Temp\cc8W6TEi.debug.temp.o
 .debug_macro   0x000088af      0x190 C:\Users\admin\AppData\Local\Temp\cc8W6TEi.debug.temp.o
 .debug_macro   0x00008a3f      0x23c C:\Users\admin\AppData\Local\Temp\cc8W6TEi.debug.temp.o
 .debug_macro   0x00008c7b       0x10 C:\Users\admin\AppData\Local\Temp\cc8W6TEi.debug.temp.o
 .debug_macro   0x00008c8b       0x3c C:\Users\admin\AppData\Local\Temp\cc8W6TEi.debug.temp.o
 .debug_macro   0x00008cc7       0x16 C:\Users\admin\AppData\Local\Temp\cc8W6TEi.debug.temp.o
 .debug_macro   0x00008cdd       0x10 C:\Users\admin\AppData\Local\Temp\cc8W6TEi.debug.temp.o
 .debug_macro   0x00008ced       0x1c C:\Users\admin\AppData\Local\Temp\cc8W6TEi.debug.temp.o
 .debug_macro   0x00008d09       0x52 C:\Users\admin\AppData\Local\Temp\cc8W6TEi.debug.temp.o
 .debug_macro   0x00008d5b       0x22 C:\Users\admin\AppData\Local\Temp\cc8W6TEi.debug.temp.o
 .debug_macro   0x00008d7d       0x10 C:\Users\admin\AppData\Local\Temp\cc8W6TEi.debug.temp.o
 .debug_macro   0x00008d8d       0x52 C:\Users\admin\AppData\Local\Temp\cc8W6TEi.debug.temp.o
 .debug_macro   0x00008ddf       0xcf C:\Users\admin\AppData\Local\Temp\cc8W6TEi.debug.temp.o
 .debug_macro   0x00008eae       0x1c C:\Users\admin\AppData\Local\Temp\cc8W6TEi.debug.temp.o
 .debug_macro   0x00008eca       0x3d C:\Users\admin\AppData\Local\Temp\cc8W6TEi.debug.temp.o
 .debug_macro   0x00008f07      0x51a C:\Users\admin\AppData\Local\Temp\cc8W6TEi.debug.temp.o
 .debug_macro   0x00009421       0x25 C:\Users\admin\AppData\Local\Temp\cc8W6TEi.debug.temp.o
 .debug_macro   0x00009446       0xa9 C:\Users\admin\AppData\Local\Temp\ccxdGwP4.debug.temp.o
 .debug_macro   0x000094ef      0x10c C:\Users\admin\AppData\Local\Temp\ccxdGwP4.debug.temp.o
 .debug_macro   0x000095fb       0xd6 C:\Users\admin\AppData\Local\Temp\ccxdGwP4.debug.temp.o
 .debug_macro   0x000096d1       0x6a C:\Users\admin\AppData\Local\Temp\ccxdGwP4.debug.temp.o
 .debug_macro   0x0000973b     0x6f7f C:\Users\admin\AppData\Local\Temp\ccxdGwP4.debug.temp.o
 .debug_macro   0x000106ba      0x1f5 C:\Users\admin\AppData\Local\Temp\ccsc6epR.debug.temp.o
 .debug_macro   0x000108af       0x5e C:\Users\admin\AppData\Local\Temp\ccsc6epR.debug.temp.o
 .debug_macro   0x0001090d       0x6e C:\Users\admin\AppData\Local\Temp\ccsc6epR.debug.temp.o
 .debug_macro   0x0001097b       0x3a C:\Users\admin\AppData\Local\Temp\ccsc6epR.debug.temp.o
 .debug_macro   0x000109b5       0x86 C:\Users\admin\AppData\Local\Temp\ccpkqgRD.debug.temp.o
