Archive member included to satisfy reference by file (symbol)

D:/Programs/sc-dt/riscv-gcc/bin/../lib/gcc/riscv64-unknown-elf/14.2.0/../../../../riscv64-unknown-elf/lib/rv32imfc_zicsr/ilp32f\libc.a(libc_a-memset.o)
                              ./platform/source/sys_init.o (symbol from plugin) (memset)
D:/Programs/sc-dt/riscv-gcc/bin/../lib/gcc/riscv64-unknown-elf/14.2.0/../../../../riscv64-unknown-elf/lib/rv32imfc_zicsr/ilp32f\libc.a(libc_a-memcpy.o)
                              ./platform/source/sys_init.o (symbol from plugin) (memcpy)
D:/Programs/sc-dt/riscv-gcc/bin/../lib/gcc/riscv64-unknown-elf/14.2.0/rv32imfc_zicsr/ilp32f\libgcc.a(_udivdi3.o)
                              C:\Users\admin\AppData\Local\Temp\ccpgKxdI.ltrans0.ltrans.o (__udivdi3)
D:/Programs/sc-dt/riscv-gcc/bin/../lib/gcc/riscv64-unknown-elf/14.2.0/rv32imfc_zicsr/ilp32f\libgcc.a(_clz.o)
                              D:/Programs/sc-dt/riscv-gcc/bin/../lib/gcc/riscv64-unknown-elf/14.2.0/rv32imfc_zicsr/ilp32f\libgcc.a(_udivdi3.o) (__clz_tab)

Discarded input sections

 .text          0x00000000        0x0 C:\Users\admin\AppData\Local\Temp\ccpgKxdI.ltrans0.ltrans.o
 .bss           0x00000000        0x0 C:\Users\admin\AppData\Local\Temp\ccpgKxdI.ltrans0.ltrans.o
 .group         0x00000000        0xc C:\Users\admin\AppData\Local\Temp\cc1sGK9P.debug.temp.o
 .group         0x00000000        0xc C:\Users\admin\AppData\Local\Temp\cc1sGK9P.debug.temp.o
 .group         0x00000000        0xc C:\Users\admin\AppData\Local\Temp\cc1sGK9P.debug.temp.o
 .group         0x00000000        0xc C:\Users\admin\AppData\Local\Temp\cc1sGK9P.debug.temp.o
 .group         0x00000000        0xc C:\Users\admin\AppData\Local\Temp\cc1sGK9P.debug.temp.o
 .group         0x00000000        0xc C:\Users\admin\AppData\Local\Temp\cc1sGK9P.debug.temp.o
 .group         0x00000000        0xc C:\Users\admin\AppData\Local\Temp\cc1sGK9P.debug.temp.o
 .group         0x00000000        0xc C:\Users\admin\AppData\Local\Temp\cc1sGK9P.debug.temp.o
 .group         0x00000000        0xc C:\Users\admin\AppData\Local\Temp\cc1sGK9P.debug.temp.o
 .group         0x00000000        0xc C:\Users\admin\AppData\Local\Temp\cc1sGK9P.debug.temp.o
 .group         0x00000000        0xc C:\Users\admin\AppData\Local\Temp\cc1sGK9P.debug.temp.o
 .group         0x00000000        0xc C:\Users\admin\AppData\Local\Temp\cc1sGK9P.debug.temp.o
 .group         0x00000000        0xc C:\Users\admin\AppData\Local\Temp\cc1sGK9P.debug.temp.o
 .group         0x00000000        0xc C:\Users\admin\AppData\Local\Temp\cc1sGK9P.debug.temp.o
 .group         0x00000000        0xc C:\Users\admin\AppData\Local\Temp\cc1sGK9P.debug.temp.o
 .group         0x00000000        0xc C:\Users\admin\AppData\Local\Temp\cc1sGK9P.debug.temp.o
 .group         0x00000000        0xc C:\Users\admin\AppData\Local\Temp\cc1sGK9P.debug.temp.o
 .group         0x00000000        0xc C:\Users\admin\AppData\Local\Temp\cc1sGK9P.debug.temp.o
 .group         0x00000000        0xc C:\Users\admin\AppData\Local\Temp\cc1sGK9P.debug.temp.o
 .comment       0x00000000       0x13 C:\Users\admin\AppData\Local\Temp\cc1sGK9P.debug.temp.o
 .note.GNU-stack
                0x00000000        0x0 C:\Users\admin\AppData\Local\Temp\cc1sGK9P.debug.temp.o
 .group         0x00000000        0xc C:\Users\admin\AppData\Local\Temp\ccWkaGrq.debug.temp.o
 .group         0x00000000        0xc C:\Users\admin\AppData\Local\Temp\ccWkaGrq.debug.temp.o
 .group         0x00000000        0xc C:\Users\admin\AppData\Local\Temp\ccWkaGrq.debug.temp.o
 .group         0x00000000        0xc C:\Users\admin\AppData\Local\Temp\ccWkaGrq.debug.temp.o
 .group         0x00000000        0xc C:\Users\admin\AppData\Local\Temp\ccWkaGrq.debug.temp.o
 .group         0x00000000        0xc C:\Users\admin\AppData\Local\Temp\ccWkaGrq.debug.temp.o
 .group         0x00000000        0xc C:\Users\admin\AppData\Local\Temp\ccWkaGrq.debug.temp.o
 .group         0x00000000        0xc C:\Users\admin\AppData\Local\Temp\ccWkaGrq.debug.temp.o
 .group         0x00000000        0xc C:\Users\admin\AppData\Local\Temp\ccWkaGrq.debug.temp.o
 .group         0x00000000        0xc C:\Users\admin\AppData\Local\Temp\ccWkaGrq.debug.temp.o
 .group         0x00000000        0xc C:\Users\admin\AppData\Local\Temp\ccWkaGrq.debug.temp.o
 .group         0x00000000        0xc C:\Users\admin\AppData\Local\Temp\ccWkaGrq.debug.temp.o
 .group         0x00000000        0xc C:\Users\admin\AppData\Local\Temp\ccWkaGrq.debug.temp.o
 .group         0x00000000        0xc C:\Users\admin\AppData\Local\Temp\ccWkaGrq.debug.temp.o
 .group         0x00000000        0xc C:\Users\admin\AppData\Local\Temp\ccWkaGrq.debug.temp.o
 .group         0x00000000        0xc C:\Users\admin\AppData\Local\Temp\ccWkaGrq.debug.temp.o
 .group         0x00000000        0xc C:\Users\admin\AppData\Local\Temp\ccWkaGrq.debug.temp.o
 .group         0x00000000        0xc C:\Users\admin\AppData\Local\Temp\ccWkaGrq.debug.temp.o
[...]
Memory Configuration

Name             Origin             Length             Attributes
ROM              0x80000000         0x00100000         xrw
RAM0             0x40000000         0x00040000         xrw
RAM1             0x10000000         0x00010000         xrw
*default*        0x00000000         0xffffffff

Linker script and memory map

LOAD ./plib015/src/plib015_gpio.o
LOAD C:\Users\admin\AppData\Local\Temp\ccpgKxdI.ltrans0.ltrans.o
LOAD C:\Users\admin\AppData\Local\Temp\cc1sGK9P.debug.temp.o
LOAD C:\Users\admin\AppData\Local\Temp\ccWkaGrq.debug.temp.o
LOAD C:\Users\admin\AppData\Local\Temp\cc1xEVB0.debug.temp.o
LOAD C:\Users\admin\AppData\Local\Temp\ccaheC0z.debug.temp.o
LOAD C:\Users\admin\AppData\Local\Temp\cc5oeOi9.debug.temp.o
LOAD C:\Users\admin\AppData\Local\Temp\ccqMfOOI.debug.temp.o
LOAD C:\Users\admin\AppData\Local\Temp\ccpE0Yfm.debug.temp.o
LOAD C:\Users\admin\AppData\Local\Temp\ccQ0P5NZ.debug.temp.o
LOAD C:\Users\admin\AppData\Local\Temp\ccnKlFwD.debug.temp.o
LOAD C:\Users\admin\AppData\Local\Temp\cckFgYjh.debug.temp.o
LOAD C:\Users\admin\AppData\Local\Temp\ccVEjFZU.debug.temp.o
LOAD C:\Users\admin\AppData\Local\Temp\ccg6kkXx.debug.temp.o
LOAD C:\Users\admin\AppData\Local\Temp\cc1iUV8a.debug.temp.o
LOAD C:\Users\admin\AppData\Local\Temp\ccATOe9N.debug.temp.o
LOAD C:\Users\admin\AppData\Local\Temp\cc5XXkpq.debug.temp.o
LOAD C:\Users\admin\AppData\Local\Temp\ccIOjCx2.debug.temp.o
LOAD C:\Users\admin\AppData\Local\Temp\ccBpXw8E.debug.temp.o
LOAD C:\Users\admin\AppData\Local\Temp\ccKoxdFh.debug.temp.o
LOAD ./plib015/src/plib015_i2c.o
LOAD ./plib015/src/plib015_rcu.o
LOAD ./plib015/src/plib015_spi.o
LOAD ./plib015/src/plib015_uart.o
LOAD ./platform/source/mtimer.o
LOAD ./platform/source/plic.o
LOAD ./platform/source/printf.o
LOAD ./platform/source/riscv-irq.o
LOAD ./platform/source/startup_k1921vg015.o
LOAD ./platform/source/sys_init.o
LOAD ./platform/source/system_k1921vg015.o
LOAD ./Src/lr_fhss_mac.o
LOAD ./Src/sx126x.o
LOAD ./Src/sx126x_driver_version.o
LOAD ./Src/sx126x_hal.o
LOAD ./Src/sx126x_lr_fhss.o
LOAD ./main.o
LOAD ./retarget.o
LOAD D:/Programs/sc-dt/riscv-gcc/bin/../lib/gcc/riscv64-unknown-elf/14.2.0/rv32imfc_zicsr/ilp32f\libgcc.a
LOAD D:/Programs/sc-dt/riscv-gcc/bin/../lib/gcc/riscv64-unknown-elf/14.2.0/../../../../riscv64-unknown-elf/lib/rv32imfc_zicsr/ilp32f\libstdc++.a
LOAD D:/Programs/sc-dt/riscv-gcc/bin/../lib/gcc/riscv64-unknown-elf/14.2.0/../../../../riscv64-unknown-elf/lib/rv32imfc_zicsr/ilp32f\libm.a
LOAD D:/Programs/sc-dt/riscv-gcc/bin/../lib/gcc/riscv64-unknown-elf/14.2.0/../../../../riscv64-unknown-elf/lib/rv32imfc_zicsr/ilp32f\libc.a
LOAD D:/Programs/sc-dt/riscv-gcc/bin/../lib/gcc/riscv64-unknown-elf/14.2.0/rv32imfc_zicsr/ilp32f\libgcc.a
START GROUP
LOAD D:/Programs/sc-dt/riscv-gcc/bin/../lib/gcc/riscv64-unknown-elf/14.2.0/../../../../riscv64-unknown-elf/lib/rv32imfc_zicsr/ilp32f\libc.a
LOAD D:/Programs/sc-dt/riscv-gcc/bin/../lib/gcc/riscv64-unknown-elf/14.2.0/../../../../riscv64-unknown-elf/lib/rv32imfc_zicsr/ilp32f\libgloss.a
END GROUP
LOAD D:/Programs/sc-dt/riscv-gcc/bin/../lib/gcc/riscv64-unknown-elf/14.2.0/rv32imfc_zicsr/ilp32f\libgcc.a
                0x00000800                        STACK_SIZE = 0x800
                0x00000800                        STACK_SIZE = DEFINED (STACK_SIZE)?STACK_SIZE:0x800

.text.startup   0x80000000      0x160
 *(.startup.entry .startup.*)
 .startup.entry
                0x80000000       0xa0 ./platform/source/startup_k1921vg015.o
                0x80000000                _start
                0x80000084                _hart_halt
                0x80000094                exit
                0x80000098                abort
                0x8000009c                app_init
                0x800000a0                        . = ALIGN (0x10)
 *(.init.rodata .init.rodata.*)
                0x800000a0                        . = ALIGN (0x10)
 *(.init.data .init.data.*)
                0x800000a0                        . = ALIGN (0x10)
 *(.init.text .init.text.*)
 .init.text     0x800000a0       0xb4 C:\Users\admin\AppData\Local\Temp\ccpgKxdI.ltrans0.ltrans.o
                0x800000a0                plf_init
                0x80000160                        . = ALIGN (0x10)
 *fill*         0x80000154        0xc 
                0x80000000                        __TEXT_INIT_START__ = LOADADDR (.text.startup)
                0x00000160                        __TEXT_INIT_SIZE__ = SIZEOF (.text.startup)

.text.crt       0x80000180      0x184
 *(.text.crt*)
 .text.crt.trap_entry
                0x80000180      0x184 ./platform/source/startup_k1921vg015.o
                0x80000180                trap_entry

.text           0x80000304     0x1722
                [!provide]                        PROVIDE (__TEXT_START__ = .)
 *(.text .text.*)
 .text.GPIO_PullModeConfig
                0x80000304        0xe C:\Users\admin\AppData\Local\Temp\ccpgKxdI.ltrans0.ltrans.o
 .text.GPIO_AltFuncNumConfig
                0x80000312       0x3c C:\Users\admin\AppData\Local\Temp\ccpgKxdI.ltrans0.ltrans.o
 .text.SPI_Init
                0x8000034e       0x44 C:\Users\admin\AppData\Local\Temp\ccpgKxdI.ltrans0.ltrans.o
 .text.SPI_StructInit
                0x80000392       0x16 C:\Users\admin\AppData\Local\Temp\ccpgKxdI.ltrans0.ltrans.o
 .text.PLIC_SetIrqHandler
                0x800003a8       0x1a C:\Users\admin\AppData\Local\Temp\ccpgKxdI.ltrans0.ltrans.o
 .text.PLIC_SetPriority
                0x800003c2        0xc C:\Users\admin\AppData\Local\Temp\ccpgKxdI.ltrans0.ltrans.o
 .text.PLIC_IntEnable
                0x800003ce       0x2a C:\Users\admin\AppData\Local\Temp\ccpgKxdI.ltrans0.ltrans.o
 .text.PLIC_ClaimIrq
                0x800003f8       0x12 C:\Users\admin\AppData\Local\Temp\ccpgKxdI.ltrans0.ltrans.o
 .text.PLIC_ClaimComplete
                0x8000040a       0x12 C:\Users\admin\AppData\Local\Temp\ccpgKxdI.ltrans0.ltrans.o
 .text.PLIC_SetThreshold
                0x8000041c       0x12 C:\Users\admin\AppData\Local\Temp\ccpgKxdI.ltrans0.ltrans.o
 .text.PLIC_MachHandler
                0x8000042e       0x2a C:\Users\admin\AppData\Local\Temp\ccpgKxdI.ltrans0.ltrans.o
 .text.PutChar  0x80000458        0x8 C:\Users\admin\AppData\Local\Temp\ccpgKxdI.ltrans0.ltrans.o
 .text.PutString
                0x80000460       0x18 C:\Users\admin\AppData\Local\Temp\ccpgKxdI.ltrans0.ltrans.o
 .text.PutUnsignedInt
                0x80000478       0x82 C:\Users\admin\AppData\Local\Temp\ccpgKxdI.ltrans0.ltrans.o
 .text.PutSignedInt
                0x800004fa       0xd2 C:\Users\admin\AppData\Local\Temp\ccpgKxdI.ltrans0.ltrans.o
 .text.PutHexa  0x800005cc       0x8a C:\Users\admin\AppData\Local\Temp\ccpgKxdI.ltrans0.ltrans.o
 .text.vsnprintf
                0x80000656      0x166 C:\Users\admin\AppData\Local\Temp\ccpgKxdI.ltrans0.ltrans.o
 .text.vsprintf
                0x800007bc       0x14 C:\Users\admin\AppData\Local\Temp\ccpgKxdI.ltrans0.ltrans.o
 .text.SystemCoreClockUpdate
                0x800007d0      0x250 C:\Users\admin\AppData\Local\Temp\ccpgKxdI.ltrans0.ltrans.o
 .text.ClkInit  0x80000a20       0xe6 C:\Users\admin\AppData\Local\Temp\ccpgKxdI.ltrans0.ltrans.o
 .text.InterruptEnable
                0x80000b06       0x26 C:\Users\admin\AppData\Local\Temp\ccpgKxdI.ltrans0.ltrans.o
 .text.SystemInit
                0x80000b2c        0xc C:\Users\admin\AppData\Local\Temp\ccpgKxdI.ltrans0.ltrans.o
 .text.sx126x_convert_freq_in_hz_to_pll_step
                0x80000b38       0x32 C:\Users\admin\AppData\Local\Temp\ccpgKxdI.ltrans0.ltrans.o
 .text.sx126x_hal_wait_on_busy
                0x80000b6a       0x26 C:\Users\admin\AppData\Local\Temp\ccpgKxdI.ltrans0.ltrans.o
 .text.sx126x_hal_nss_low
                0x80000b90        0xe C:\Users\admin\AppData\Local\Temp\ccpgKxdI.ltrans0.ltrans.o
 .text.sx126x_hal_nss_high
                0x80000b9e        0xe C:\Users\admin\AppData\Local\Temp\ccpgKxdI.ltrans0.ltrans.o
 .text.sx126x_hal_check_device_ready
                0x80000bac       0x2a C:\Users\admin\AppData\Local\Temp\ccpgKxdI.ltrans0.ltrans.o
 .text.spi_transmit
                0x80000bd6       0x4a C:\Users\admin\AppData\Local\Temp\ccpgKxdI.ltrans0.ltrans.o
 .text.sx126x_hal_write
                0x80000c20       0x72 C:\Users\admin\AppData\Local\Temp\ccpgKxdI.ltrans0.ltrans.o
 .text.sx126x_set_standby
                0x80000c92       0x20 C:\Users\admin\AppData\Local\Temp\ccpgKxdI.ltrans0.ltrans.o
 .text.sx126x_cal
                0x80000cb2       0x20 C:\Users\admin\AppData\Local\Temp\ccpgKxdI.ltrans0.ltrans.o
 .text.sx126x_set_pa_cfg
                0x80000cd2       0x3c C:\Users\admin\AppData\Local\Temp\ccpgKxdI.ltrans0.ltrans.o
 .text.sx126x_write_register
                0x80000d0e       0x26 C:\Users\admin\AppData\Local\Temp\ccpgKxdI.ltrans0.ltrans.o
 .text.sx126x_set_rf_freq_in_pll_steps
                0x80000d34       0x38 C:\Users\admin\AppData\Local\Temp\ccpgKxdI.ltrans0.ltrans.o
 .text.sx126x_set_rf_freq
                0x80000d6c       0x1a C:\Users\admin\AppData\Local\Temp\ccpgKxdI.ltrans0.ltrans.o
 .text.sx126x_set_pkt_type
                0x80000d86       0x20 C:\Users\admin\AppData\Local\Temp\ccpgKxdI.ltrans0.ltrans.o
 .text.sx126x_set_tx_params
                0x80000da6       0x24 C:\Users\admin\AppData\Local\Temp\ccpgKxdI.ltrans0.ltrans.o
 .text.spi_receive
                0x80000dca       0x72 C:\Users\admin\AppData\Local\Temp\ccpgKxdI.ltrans0.ltrans.o
 .text.sx126x_hal_read
                0x80000e3c       0x58 C:\Users\admin\AppData\Local\Temp\ccpgKxdI.ltrans0.ltrans.o
 .text.sx126x_read_register
                0x80000e94       0x2a C:\Users\admin\AppData\Local\Temp\ccpgKxdI.ltrans0.ltrans.o
 .text.sx126x_set_lora_pkt_params
                0x80000ebe       0xae C:\Users\admin\AppData\Local\Temp\ccpgKxdI.ltrans0.ltrans.o
 .text.sx126x_tx_modulation_workaround
                0x80000f6c       0x72 C:\Users\admin\AppData\Local\Temp\ccpgKxdI.ltrans0.ltrans.o
 .text.sx126x_set_lora_mod_params
                0x80000fde       0x56 C:\Users\admin\AppData\Local\Temp\ccpgKxdI.ltrans0.ltrans.o
 .text.sx126x_get_status
                0x80001034       0x3c C:\Users\admin\AppData\Local\Temp\ccpgKxdI.ltrans0.ltrans.o
 .text.gpio_init
                0x80001070       0x7a C:\Users\admin\AppData\Local\Temp\ccpgKxdI.ltrans0.ltrans.o
 .text.GPIO_IRQHandler
                0x800010ea        0xe C:\Users\admin\AppData\Local\Temp\ccpgKxdI.ltrans0.ltrans.o
 .text.SPI0_init
                0x800010f8       0xc0 C:\Users\admin\AppData\Local\Temp\ccpgKxdI.ltrans0.ltrans.o
 .text.SPI0_IRQHandler
                0x800011b8        0xa C:\Users\admin\AppData\Local\Temp\ccpgKxdI.ltrans0.ltrans.o
 .text.retarget_init
                0x800011c2       0x6c C:\Users\admin\AppData\Local\Temp\ccpgKxdI.ltrans0.ltrans.o
 .text.periph_init
                0x8000122e       0x18 C:\Users\admin\AppData\Local\Temp\ccpgKxdI.ltrans0.ltrans.o
 .text.retarget_put_char
                0x80001246       0x16 C:\Users\admin\AppData\Local\Temp\ccpgKxdI.ltrans0.ltrans.o
 .text.PrintChar
                0x8000125c        0xc C:\Users\admin\AppData\Local\Temp\ccpgKxdI.ltrans0.ltrans.o
 .text.fputc    0x80001268       0x32 C:\Users\admin\AppData\Local\Temp\ccpgKxdI.ltrans0.ltrans.o
 .text.fputs    0x8000129a       0x36 C:\Users\admin\AppData\Local\Temp\ccpgKxdI.ltrans0.ltrans.o
 .text.vfprintf
                0x800012d0       0x66 C:\Users\admin\AppData\Local\Temp\ccpgKxdI.ltrans0.ltrans.o
 .text.vprintf  0x80001336       0x16 C:\Users\admin\AppData\Local\Temp\ccpgKxdI.ltrans0.ltrans.o
 .text.printf   0x8000134c       0x1e C:\Users\admin\AppData\Local\Temp\ccpgKxdI.ltrans0.ltrans.o
 .text.trap_handler
                0x8000136a       0x18 C:\Users\admin\AppData\Local\Temp\ccpgKxdI.ltrans0.ltrans.o
                0x8000136a                trap_handler
 .text.main     0x80001382      0x16a C:\Users\admin\AppData\Local\Temp\ccpgKxdI.ltrans0.ltrans.o
                0x80001382                main
 .text          0x800014ec       0xa8 D:/Programs/sc-dt/riscv-gcc/bin/../lib/gcc/riscv64-unknown-elf/14.2.0/../../../../riscv64-unknown-elf/lib/rv32imfc_zicsr/ilp32f\libc.a(libc_a-memset.o)
                0x800014ec                memset
 .text.memcpy   0x80001594       0xec D:/Programs/sc-dt/riscv-gcc/bin/../lib/gcc/riscv64-unknown-elf/14.2.0/../../../../riscv64-unknown-elf/lib/rv32imfc_zicsr/ilp32f\libc.a(libc_a-memcpy.o)
                0x80001594                memcpy
 .text          0x80001680      0x3a6 D:/Programs/sc-dt/riscv-gcc/bin/../lib/gcc/riscv64-unknown-elf/14.2.0/rv32imfc_zicsr/ilp32f\libgcc.a(_udivdi3.o)
                0x80001680                __udivdi3
                [!provide]                        PROVIDE (__TEXT_END__ = .)

.init_array     0x40000000        0x0 load address 0x80001a28
 *(SORT_BY_NAME(.init_array*))

.fini_array     0x40000000        0x0 load address 0x80001a28
 *(SORT_BY_NAME(.fini_array*))

.tdata          0x80001a28        0x0
                [!provide]                        PROVIDE (_tls_data = .)
                0x80001a28                        PROVIDE (_tdata_start = .)
 *(.tdata .tdata.*)
                [!provide]                        PROVIDE (_tdata_end = .)

.tbss           0x80001a28        0x0
                [!provide]                        PROVIDE (_tbss_start = .)
 *(.tbss .tbss.*)
                0x80001a28                        . = ALIGN (0x4)
                0x80001a28                        PROVIDE (_tbss_end = .)
                0x00000000                        __TLS_SIZE__ = (((_tbss_end - _tdata_start) + 0xf) & 0xfffffffffffffff0)

.rodata         0x80001a28      0x319
 *(.rodata)
 .rodata        0x80001a28      0x100 D:/Programs/sc-dt/riscv-gcc/bin/../lib/gcc/riscv64-unknown-elf/14.2.0/rv32imfc_zicsr/ilp32f\libgcc.a(_clz.o)
                0x80001a28                __clz_tab
 *(.rodata.*)
 .rodata.vsnprintf
                0x80001b28       0x84 C:\Users\admin\AppData\Local\Temp\ccpgKxdI.ltrans0.ltrans.o
 .rodata.vfprintf.str1.4
                0x80001bac      0x195 C:\Users\admin\AppData\Local\Temp\ccpgKxdI.ltrans0.ltrans.o
                                 0x24 (size before relaxing)
 .rodata.main.str1.4
                0x80001d41      0x16d C:\Users\admin\AppData\Local\Temp\ccpgKxdI.ltrans0.ltrans.o
 *(.gnu.linkonce.r.*)

.rela.dyn       0x80001d44        0x0
 .rela.startup.entry
                0x80001d44        0x0 ./platform/source/startup_k1921vg015.o
 .rela.text.crt.trap_entry
                0x80001d44        0x0 ./platform/source/startup_k1921vg015.o
 .rela.init.text
                0x80001d44        0x0 ./platform/source/startup_k1921vg015.o

.srodata
 *(.srodata.cst16)
 *(.srodata.cst8)
 *(.srodata.cst4)
 *(.srodata.cst2)
 *(.srodata*)

.sdata          0x40000000        0x8 load address 0x80001d44
                0x40000000                        __SDATA_BEGIN__ = .
 *(.sdata .sdata.* .sdata2.* .gnu.linkonce.s.*)
 .sdata.pa_cfg  0x40000000        0x4 C:\Users\admin\AppData\Local\Temp\ccpgKxdI.ltrans0.ltrans.o
 .sdata.radio_mode
                0x40000004        0x4 C:\Users\admin\AppData\Local\Temp\ccpgKxdI.ltrans0.ltrans.o

.data           0x40000008      0x23c load address 0x80001d4c
                0x40000008                        __DATA_BEGIN__ = .
 *(.data .data.* .gnu.linkonce.d.*)
 .data          0x40000008      0x100 C:\Users\admin\AppData\Local\Temp\ccpgKxdI.ltrans0.ltrans.o
 .data.r        0x40000108      0x120 C:\Users\admin\AppData\Local\Temp\ccpgKxdI.ltrans0.ltrans.o
 .data.pkt_params
                0x40000228        0xc C:\Users\admin\AppData\Local\Temp\ccpgKxdI.ltrans0.ltrans.o
 .data.mod_params
                0x40000234       0x10 C:\Users\admin\AppData\Local\Temp\ccpgKxdI.ltrans0.ltrans.o
                0x40000244                        _edata = .
                [!provide]                        PROVIDE (edata = .)
                0x80001d4c                        PROVIDE (__data_source_start = LOADADDR (.data))
                0x40000008                        PROVIDE (__data_target_start = ADDR (.data))
                0x40000244                        PROVIDE (__data_target_end = (ADDR (.data) + SIZEOF (.data)))
                0x80001d44                        PROVIDE (__sdata_source_start = LOADADDR (.sdata))
                0x40000000                        PROVIDE (__sdata_target_start = ADDR (.sdata))
                0x40000008                        PROVIDE (__sdata_target_end = (ADDR (.sdata) + SIZEOF (.sdata)))
                0x80001a28                        PROVIDE (__init_array_source_start = LOADADDR (.init_array))
                0x40000000                        PROVIDE (__init_array_target_start = ADDR (.init_array))
                0x40000000                        PROVIDE (__init_array_target_end = (ADDR (.init_array) + SIZEOF (.init_array)))
                0x80001a28                        PROVIDE (__fini_array_source_start = LOADADDR (.fini_array))
                0x40000000                        PROVIDE (__fini_array_target_start = ADDR (.fini_array))
                0x40000000                        PROVIDE (__fini_array_target_end = (ADDR (.fini_array) + SIZEOF (.fini_array)))

.sbss           0x40000244       0x18 load address 0x80001f88
                0x40000244                        PROVIDE (__bss_start = .)
 *(.sbss .sbss.* .gnu.linkonce.sb.*)
 .sbss.pb12_state
                0x40000244        0x4 C:\Users\admin\AppData\Local\Temp\ccpgKxdI.ltrans0.ltrans.o
 .sbss.led_shift
                0x40000248        0x4 C:\Users\admin\AppData\Local\Temp\ccpgKxdI.ltrans0.ltrans.o
 .sbss.USBClock
                0x4000024c        0x4 C:\Users\admin\AppData\Local\Temp\ccpgKxdI.ltrans0.ltrans.o
 .sbss.SystemPll1Clock
                0x40000250        0x4 C:\Users\admin\AppData\Local\Temp\ccpgKxdI.ltrans0.ltrans.o
 .sbss.SystemPll0Clock
                0x40000254        0x4 C:\Users\admin\AppData\Local\Temp\ccpgKxdI.ltrans0.ltrans.o
 .sbss.SystemCoreClock
                0x40000258        0x4 C:\Users\admin\AppData\Local\Temp\ccpgKxdI.ltrans0.ltrans.o
 *(.scommon)

.bss            0x4000025c        0x0 load address 0x80001f88
 *(.bss .bss.* .gnu.linkonce.b.*)
 *(COMMON)
                0x4000025c                        . = ALIGN (0x4)
                0x4000025c                        __BSS_END__ = .
                0x4000025c                        PROVIDE (__bss_end = .)
                [!provide]                        PROVIDE (_end = .)
                [!provide]                        PROVIDE (__end = .)
                0x40000780                        __global_pointer$ = MIN ((__DATA_BEGIN__ + 0x780), MAX ((__SDATA_BEGIN__ + 0x780), (__BSS_END__ - 0x780)))

.stack          0x4003f800      0x800
                0x4003f800                        PROVIDE (__STACK_START__ = .)
                0x40040000                        . = (. + STACK_SIZE)
 *fill*         0x4003f800      0x800 
                [!provide]                        PROVIDE (__C_STACK_TOP__ = .)
                [!provide]                        PROVIDE (__STACK_END__ = .)
                0x40040000                        PROVIDE (__TLS0_BASE__ = .)
                0x40000260                        _heap_start = ALIGN (__bss_end, 0x10)
                0x4003f800                        _heap_end = DEFINED (HEAP_FIXED_AFTER_BSS)?MIN (ALIGN (__STACK_START__, 0x10), (_heap_start + HEAP_FIXED_AFTER_BSS)):ALIGN (__STACK_START__, 0x10)

/DISCARD/
 *(.init.text.plf_init_relocate)
 *(.eh_frame .eh_frame.*)
OUTPUT(SX1262_test.elf elf32-littleriscv)

.debug_info     0x00000000    0x166c9
 .debug_info    0x00000000     0x1e3b C:\Users\admin\AppData\Local\Temp\ccpgKxdI.ltrans0.ltrans.o
 .debug_info    0x00001e3b     0x290f C:\Users\admin\AppData\Local\Temp\cc1sGK9P.debug.temp.o
                0x00001e3b                plib015_gpio.c.ff9925b6
 .debug_info    0x0000474a     0x1420 C:\Users\admin\AppData\Local\Temp\ccaheC0z.debug.temp.o
                0x0000474a                plib015_spi.c.7f152e7f
 .debug_info    0x00005b6a      0x39e C:\Users\admin\AppData\Local\Temp\ccpE0Yfm.debug.temp.o
                0x00005b6a                plic.c.fd8a32c5
 .debug_info    0x00005f08      0xb76 C:\Users\admin\AppData\Local\Temp\ccQ0P5NZ.debug.temp.o
                0x00005f08                printf.c.50f58540
 .debug_info    0x00006a7e      0x1cd C:\Users\admin\AppData\Local\Temp\cckFgYjh.debug.temp.o
                0x00006a7e                sys_init.c.09118c5c
 .debug_info    0x00006c4b     0x3cd3 C:\Users\admin\AppData\Local\Temp\ccVEjFZU.debug.temp.o
                0x00006c4b                system_k1921vg015.c.3bcc5b64
 .debug_info    0x0000a91e     0x2443 C:\Users\admin\AppData\Local\Temp\cc1iUV8a.debug.temp.o
                0x0000a91e                sx126x.c.41c7145a
 .debug_info    0x0000cd61     0x25e9 C:\Users\admin\AppData\Local\Temp\cc5XXkpq.debug.temp.o
                0x0000cd61                sx126x_hal.c.c997900b
 .debug_info    0x0000f34a     0x4488 C:\Users\admin\AppData\Local\Temp\ccBpXw8E.debug.temp.o
                0x0000f34a                main.c.494f4ad7
 .debug_info    0x000137d2     0x2ec6 C:\Users\admin\AppData\Local\Temp\ccKoxdFh.debug.temp.o
                0x000137d2                retarget.c.370f3c8d
 .debug_info    0x00016698       0x31 ./platform/source/startup_k1921vg015.o

.debug_abbrev   0x00000000     0x153b
 .debug_abbrev  0x00000000      0x120 C:\Users\admin\AppData\Local\Temp\ccpgKxdI.ltrans0.ltrans.o
 .debug_abbrev  0x00000120      0x20a C:\Users\admin\AppData\Local\Temp\cc1sGK9P.debug.temp.o
 .debug_abbrev  0x0000032a      0x1c5 C:\Users\admin\AppData\Local\Temp\ccaheC0z.debug.temp.o
 .debug_abbrev  0x000004ef      0x167 C:\Users\admin\AppData\Local\Temp\ccpE0Yfm.debug.temp.o
 .debug_abbrev  0x00000656      0x277 C:\Users\admin\AppData\Local\Temp\ccQ0P5NZ.debug.temp.o
 .debug_abbrev  0x000008cd       0xd4 C:\Users\admin\AppData\Local\Temp\cckFgYjh.debug.temp.o
 .debug_abbrev  0x000009a1      0x213 C:\Users\admin\AppData\Local\Temp\ccVEjFZU.debug.temp.o
 .debug_abbrev  0x00000bb4      0x21f C:\Users\admin\AppData\Local\Temp\cc1iUV8a.debug.temp.o
 .debug_abbrev  0x00000dd3      0x25e C:\Users\admin\AppData\Local\Temp\cc5XXkpq.debug.temp.o
 .debug_abbrev  0x00001031      0x378 C:\Users\admin\AppData\Local\Temp\ccBpXw8E.debug.temp.o
 .debug_abbrev  0x000013a9      0x16e C:\Users\admin\AppData\Local\Temp\ccKoxdFh.debug.temp.o
 .debug_abbrev  0x00001517       0x24 ./platform/source/startup_k1921vg015.o

.debug_loclists
                0x00000000     0x1289
 .debug_loclists
                0x00000000     0x1289 C:\Users\admin\AppData\Local\Temp\ccpgKxdI.ltrans0.ltrans.o

.debug_aranges  0x00000000      0x220
 .debug_aranges
                0x00000000      0x1f8 C:\Users\admin\AppData\Local\Temp\ccpgKxdI.ltrans0.ltrans.o
 .debug_aranges
                0x000001f8       0x28 ./platform/source/startup_k1921vg015.o

.debug_rnglists
                0x00000000      0x1a9
 .debug_rnglists
                0x00000000      0x18e C:\Users\admin\AppData\Local\Temp\ccpgKxdI.ltrans0.ltrans.o
 .debug_rnglists
                0x0000018e       0x1b ./platform/source/startup_k1921vg015.o

.debug_line     0x00000000     0x3660
 .debug_line    0x00000000     0x2d9e C:\Users\admin\AppData\Local\Temp\ccpgKxdI.ltrans0.ltrans.o
 .debug_line    0x00002d9e       0xb1 C:\Users\admin\AppData\Local\Temp\cc1sGK9P.debug.temp.o
 .debug_line    0x00002e4f       0xb1 C:\Users\admin\AppData\Local\Temp\ccaheC0z.debug.temp.o
 .debug_line    0x00002f00       0x80 C:\Users\admin\AppData\Local\Temp\ccpE0Yfm.debug.temp.o
 .debug_line    0x00002f80       0xbc C:\Users\admin\AppData\Local\Temp\ccQ0P5NZ.debug.temp.o
 .debug_line    0x0000303c       0xf3 C:\Users\admin\AppData\Local\Temp\cckFgYjh.debug.temp.o
 .debug_line    0x0000312f       0x8f C:\Users\admin\AppData\Local\Temp\ccVEjFZU.debug.temp.o
 .debug_line    0x000031be       0x8a C:\Users\admin\AppData\Local\Temp\cc1iUV8a.debug.temp.o
 .debug_line    0x00003248      0x123 C:\Users\admin\AppData\Local\Temp\cc5XXkpq.debug.temp.o
 .debug_line    0x0000336b      0x123 C:\Users\admin\AppData\Local\Temp\ccBpXw8E.debug.temp.o
 .debug_line    0x0000348e       0x7b C:\Users\admin\AppData\Local\Temp\ccKoxdFh.debug.temp.o
 .debug_line    0x00003509      0x157 ./platform/source/startup_k1921vg015.o

.debug_str      0x00000000    0x3470d
 .debug_str     0x00000000      0x19d C:\Users\admin\AppData\Local\Temp\ccpgKxdI.ltrans0.ltrans.o
 .debug_str     0x00000000    0x27d9c C:\Users\admin\AppData\Local\Temp\cc1sGK9P.debug.temp.o
 .debug_str     0x00000000    0x278cc C:\Users\admin\AppData\Local\Temp\ccaheC0z.debug.temp.o
 .debug_str     0x00000000     0x4124 C:\Users\admin\AppData\Local\Temp\ccpE0Yfm.debug.temp.o
 .debug_str     0x00000000    0x25eb4 C:\Users\admin\AppData\Local\Temp\ccQ0P5NZ.debug.temp.o
 .debug_str     0x00000000     0x7bae C:\Users\admin\AppData\Local\Temp\cckFgYjh.debug.temp.o
 .debug_str     0x00000000    0x24bf5 C:\Users\admin\AppData\Local\Temp\ccVEjFZU.debug.temp.o
 .debug_str     0x00000000     0x7573 C:\Users\admin\AppData\Local\Temp\cc1iUV8a.debug.temp.o
 .debug_str     0x00000000    0x2ca13 C:\Users\admin\AppData\Local\Temp\cc5XXkpq.debug.temp.o
 .debug_str     0x00000000    0x2e93d C:\Users\admin\AppData\Local\Temp\ccBpXw8E.debug.temp.o
 .debug_str     0x00000000    0x2351d C:\Users\admin\AppData\Local\Temp\ccKoxdFh.debug.temp.o
 .debug_str     0x00000000    0x3470d ./platform/source/startup_k1921vg015.o
                                 0x66 (size before relaxing)

.debug_line_str
                0x00000000      0x51a
 .debug_line_str
                0x00000000      0x15d C:\Users\admin\AppData\Local\Temp\ccpgKxdI.ltrans0.ltrans.o
 .debug_line_str
                0x00000000      0x2b1 C:\Users\admin\AppData\Local\Temp\cc1sGK9P.debug.temp.o
 .debug_line_str
                0x00000000      0x2af C:\Users\admin\AppData\Local\Temp\ccaheC0z.debug.temp.o
 .debug_line_str
                0x00000000      0x1e8 C:\Users\admin\AppData\Local\Temp\ccpE0Yfm.debug.temp.o
 .debug_line_str
                0x00000000      0x248 C:\Users\admin\AppData\Local\Temp\ccQ0P5NZ.debug.temp.o
 .debug_line_str
                0x00000000      0x2af C:\Users\admin\AppData\Local\Temp\cckFgYjh.debug.temp.o
 .debug_line_str
                0x00000000      0x22a C:\Users\admin\AppData\Local\Temp\ccVEjFZU.debug.temp.o
 .debug_line_str
                0x00000000      0x1e5 C:\Users\admin\AppData\Local\Temp\cc1iUV8a.debug.temp.o
 .debug_line_str
                0x00000000      0x37a C:\Users\admin\AppData\Local\Temp\cc5XXkpq.debug.temp.o
 .debug_line_str
                0x00000000      0x362 C:\Users\admin\AppData\Local\Temp\ccBpXw8E.debug.temp.o
 .debug_line_str
                0x00000000      0x1cf C:\Users\admin\AppData\Local\Temp\ccKoxdFh.debug.temp.o
 .debug_line_str
                0x00000000      0x51a ./platform/source/startup_k1921vg015.o
                                 0x4d (size before relaxing)

.comment        0x00000000       0x12
 .comment       0x00000000       0x13 C:\Users\admin\AppData\Local\Temp\ccpgKxdI.ltrans0.ltrans.o
 .comment       0x00000000       0x12 D:/Programs/sc-dt/riscv-gcc/bin/../lib/gcc/riscv64-unknown-elf/14.2.0/../../../../riscv64-unknown-elf/lib/rv32imfc_zicsr/ilp32f\libc.a(libc_a-memcpy.o)
                                 0x13 (size before relaxing)
 .comment       0x00000012       0x13 D:/Programs/sc-dt/riscv-gcc/bin/../lib/gcc/riscv64-unknown-elf/14.2.0/rv32imfc_zicsr/ilp32f\libgcc.a(_udivdi3.o)
 .comment       0x00000012       0x13 D:/Programs/sc-dt/riscv-gcc/bin/../lib/gcc/riscv64-unknown-elf/14.2.0/rv32imfc_zicsr/ilp32f\libgcc.a(_clz.o)

.note.GNU-stack
                0x00000000        0x0
 .note.GNU-stack
                0x00000000        0x0 C:\Users\admin\AppData\Local\Temp\ccpgKxdI.ltrans0.ltrans.o
 .note.GNU-stack
                0x00000000        0x0 D:/Programs/sc-dt/riscv-gcc/bin/../lib/gcc/riscv64-unknown-elf/14.2.0/../../../../riscv64-unknown-elf/lib/rv32imfc_zicsr/ilp32f\libc.a(libc_a-memcpy.o)
 .note.GNU-stack
                0x00000000        0x0 D:/Programs/sc-dt/riscv-gcc/bin/../lib/gcc/riscv64-unknown-elf/14.2.0/rv32imfc_zicsr/ilp32f\libgcc.a(_udivdi3.o)
 .note.GNU-stack
                0x00000000        0x0 D:/Programs/sc-dt/riscv-gcc/bin/../lib/gcc/riscv64-unknown-elf/14.2.0/rv32imfc_zicsr/ilp32f\libgcc.a(_clz.o)

.riscv.attributes
                0x00000000       0x41
 .riscv.attributes
                0x00000000       0x41 C:\Users\admin\AppData\Local\Temp\ccpgKxdI.ltrans0.ltrans.o
 .riscv.attributes
                0x00000041       0x3a ./platform/source/startup_k1921vg015.o
 .riscv.attributes
                0x0000007b       0x3b D:/Programs/sc-dt/riscv-gcc/bin/../lib/gcc/riscv64-unknown-elf/14.2.0/../../../../riscv64-unknown-elf/lib/rv32imfc_zicsr/ilp32f\libc.a(libc_a-memset.o)
 .riscv.attributes
                0x000000b6       0x3d D:/Programs/sc-dt/riscv-gcc/bin/../lib/gcc/riscv64-unknown-elf/14.2.0/../../../../riscv64-unknown-elf/lib/rv32imfc_zicsr/ilp32f\libc.a(libc_a-memcpy.o)
 .riscv.attributes
                0x000000f3       0x3d D:/Programs/sc-dt/riscv-gcc/bin/../lib/gcc/riscv64-unknown-elf/14.2.0/rv32imfc_zicsr/ilp32f\libgcc.a(_udivdi3.o)
 .riscv.attributes
                0x00000130       0x3d D:/Programs/sc-dt/riscv-gcc/bin/../lib/gcc/riscv64-unknown-elf/14.2.0/rv32imfc_zicsr/ilp32f\libgcc.a(_clz.o)

.debug_frame    0x00000000      0x6c0
 .debug_frame   0x00000000      0x6c0 C:\Users\admin\AppData\Local\Temp\ccpgKxdI.ltrans0.ltrans.o

.debug_macro    0x00000000    0x11c44
 .debug_macro   0x00000000       0xef C:\Users\admin\AppData\Local\Temp\cc1sGK9P.debug.temp.o
 .debug_macro   0x000000ef      0x7f0 C:\Users\admin\AppData\Local\Temp\cc1sGK9P.debug.temp.o
 .debug_macro   0x000008df       0x1c C:\Users\admin\AppData\Local\Temp\cc1sGK9P.debug.temp.o
 .debug_macro   0x000008fb       0x22 C:\Users\admin\AppData\Local\Temp\cc1sGK9P.debug.temp.o
 .debug_macro   0x0000091d       0x8e C:\Users\admin\AppData\Local\Temp\cc1sGK9P.debug.temp.o
 .debug_macro   0x000009ab       0x51 C:\Users\admin\AppData\Local\Temp\cc1sGK9P.debug.temp.o
 .debug_macro   0x000009fc      0x103 C:\Users\admin\AppData\Local\Temp\cc1sGK9P.debug.temp.o
 .debug_macro   0x00000aff       0x6a C:\Users\admin\AppData\Local\Temp\cc1sGK9P.debug.temp.o
 .debug_macro   0x00000b69      0x1df C:\Users\admin\AppData\Local\Temp\cc1sGK9P.debug.temp.o
 .debug_macro   0x00000d48     0x6f67 C:\Users\admin\AppData\Local\Temp\cc1sGK9P.debug.temp.o
 .debug_macro   0x00007caf       0x40 C:\Users\admin\AppData\Local\Temp\cc1sGK9P.debug.temp.o
 .debug_macro   0x00007cef       0x10 C:\Users\admin\AppData\Local\Temp\cc1sGK9P.debug.temp.o
 .debug_macro   0x00007cff       0x22 C:\Users\admin\AppData\Local\Temp\cc1sGK9P.debug.temp.o
 .debug_macro   0x00007d21       0x40 C:\Users\admin\AppData\Local\Temp\cc1sGK9P.debug.temp.o
 .debug_macro   0x00007d61      0x2eb C:\Users\admin\AppData\Local\Temp\cc1sGK9P.debug.temp.o
 .debug_macro   0x0000804c       0x95 C:\Users\admin\AppData\Local\Temp\cc1sGK9P.debug.temp.o
 .debug_macro   0x000080e1       0x44 C:\Users\admin\AppData\Local\Temp\cc1sGK9P.debug.temp.o
 .debug_macro   0x00008125       0x44 C:\Users\admin\AppData\Local\Temp\cc1sGK9P.debug.temp.o
 .debug_macro   0x00008169       0xf6 C:\Users\admin\AppData\Local\Temp\cc1sGK9P.debug.temp.o
 .debug_macro   0x0000825f      0x10a C:\Users\admin\AppData\Local\Temp\cc1sGK9P.debug.temp.o
 .debug_macro   0x00008369       0xef C:\Users\admin\AppData\Local\Temp\ccaheC0z.debug.temp.o
 .debug_macro   0x00008458       0x8f C:\Users\admin\AppData\Local\Temp\ccaheC0z.debug.temp.o
 .debug_macro   0x000084e7       0xe9 C:\Users\admin\AppData\Local\Temp\ccpE0Yfm.debug.temp.o
 .debug_macro   0x000085d0       0x1c C:\Users\admin\AppData\Local\Temp\ccpE0Yfm.debug.temp.o
 .debug_macro   0x000085ec       0x34 C:\Users\admin\AppData\Local\Temp\ccpE0Yfm.debug.temp.o
 .debug_macro   0x00008620       0xd0 C:\Users\admin\AppData\Local\Temp\ccpE0Yfm.debug.temp.o
 .debug_macro   0x000086f0      0x157 C:\Users\admin\AppData\Local\Temp\ccQ0P5NZ.debug.temp.o
 .debug_macro   0x00008847       0x68 C:\Users\admin\AppData\Local\Temp\ccQ0P5NZ.debug.temp.o
 .debug_macro   0x000088af       0x20 C:\Users\admin\AppData\Local\Temp\ccQ0P5NZ.debug.temp.o
 .debug_macro   0x000088cf       0x94 C:\Users\admin\AppData\Local\Temp\ccQ0P5NZ.debug.temp.o
 .debug_macro   0x00008963       0x3b C:\Users\admin\AppData\Local\Temp\ccQ0P5NZ.debug.temp.o
 .debug_macro   0x0000899e       0x34 C:\Users\admin\AppData\Local\Temp\ccQ0P5NZ.debug.temp.o
 .debug_macro   0x000089d2       0x16 C:\Users\admin\AppData\Local\Temp\ccQ0P5NZ.debug.temp.o
 .debug_macro   0x000089e8       0x57 C:\Users\admin\AppData\Local\Temp\ccQ0P5NZ.debug.temp.o
 .debug_macro   0x00008a3f       0x9e C:\Users\admin\AppData\Local\Temp\ccQ0P5NZ.debug.temp.o
 .debug_macro   0x00008add      0x364 C:\Users\admin\AppData\Local\Temp\ccQ0P5NZ.debug.temp.o
 .debug_macro   0x00008e41      0x112 C:\Users\admin\AppData\Local\Temp\ccQ0P5NZ.debug.temp.o
 .debug_macro   0x00008f53       0x10 C:\Users\admin\AppData\Local\Temp\ccQ0P5NZ.debug.temp.o
 .debug_macro   0x00008f63       0x16 C:\Users\admin\AppData\Local\Temp\ccQ0P5NZ.debug.temp.o
 .debug_macro   0x00008f79       0x4a C:\Users\admin\AppData\Local\Temp\ccQ0P5NZ.debug.temp.o
 .debug_macro   0x00008fc3       0x34 C:\Users\admin\AppData\Local\Temp\ccQ0P5NZ.debug.temp.o
 .debug_macro   0x00008ff7       0x10 C:\Users\admin\AppData\Local\Temp\ccQ0P5NZ.debug.temp.o
 .debug_macro   0x00009007       0x58 C:\Users\admin\AppData\Local\Temp\ccQ0P5NZ.debug.temp.o
 .debug_macro   0x0000905f      0x1de C:\Users\admin\AppData\Local\Temp\ccQ0P5NZ.debug.temp.o
 .debug_macro   0x0000923d       0x16 C:\Users\admin\AppData\Local\Temp\ccQ0P5NZ.debug.temp.o
 .debug_macro   0x00009253       0x16 C:\Users\admin\AppData\Local\Temp\ccQ0P5NZ.debug.temp.o
 .debug_macro   0x00009269      0x170 C:\Users\admin\AppData\Local\Temp\ccQ0P5NZ.debug.temp.o
 .debug_macro   0x000093d9       0x4c C:\Users\admin\AppData\Local\Temp\ccQ0P5NZ.debug.temp.o
 .debug_macro   0x00009425       0x34 C:\Users\admin\AppData\Local\Temp\ccQ0P5NZ.debug.temp.o
 .debug_macro   0x00009459      0x1bf C:\Users\admin\AppData\Local\Temp\cckFgYjh.debug.temp.o
 .debug_macro   0x00009618      0x190 C:\Users\admin\AppData\Local\Temp\cckFgYjh.debug.temp.o
 .debug_macro   0x000097a8      0x23c C:\Users\admin\AppData\Local\Temp\cckFgYjh.debug.temp.o
 .debug_macro   0x000099e4       0x10 C:\Users\admin\AppData\Local\Temp\cckFgYjh.debug.temp.o
 .debug_macro   0x000099f4       0x3c C:\Users\admin\AppData\Local\Temp\cckFgYjh.debug.temp.o
 .debug_macro   0x00009a30       0x16 C:\Users\admin\AppData\Local\Temp\cckFgYjh.debug.temp.o
 .debug_macro   0x00009a46       0x10 C:\Users\admin\AppData\Local\Temp\cckFgYjh.debug.temp.o
 .debug_macro   0x00009a56       0x1c C:\Users\admin\AppData\Local\Temp\cckFgYjh.debug.temp.o
 .debug_macro   0x00009a72       0x52 C:\Users\admin\AppData\Local\Temp\cckFgYjh.debug.temp.o
 .debug_macro   0x00009ac4       0x22 C:\Users\admin\AppData\Local\Temp\cckFgYjh.debug.temp.o
 .debug_macro   0x00009ae6       0x10 C:\Users\admin\AppData\Local\Temp\cckFgYjh.debug.temp.o
 .debug_macro   0x00009af6       0x52 C:\Users\admin\AppData\Local\Temp\cckFgYjh.debug.temp.o
 .debug_macro   0x00009b48       0xcf C:\Users\admin\AppData\Local\Temp\cckFgYjh.debug.temp.o
 .debug_macro   0x00009c17       0x1c C:\Users\admin\AppData\Local\Temp\cckFgYjh.debug.temp.o
 .debug_macro   0x00009c33       0x3d C:\Users\admin\AppData\Local\Temp\cckFgYjh.debug.temp.o
 .debug_macro   0x00009c70      0x51a C:\Users\admin\AppData\Local\Temp\cckFgYjh.debug.temp.o
 .debug_macro   0x0000a18a       0x25 C:\Users\admin\AppData\Local\Temp\cckFgYjh.debug.temp.o
 .debug_macro   0x0000a1af       0xa9 C:\Users\admin\AppData\Local\Temp\ccVEjFZU.debug.temp.o
 .debug_macro   0x0000a258      0x10c C:\Users\admin\AppData\Local\Temp\ccVEjFZU.debug.temp.o
 .debug_macro   0x0000a364       0xd6 C:\Users\admin\AppData\Local\Temp\ccVEjFZU.debug.temp.o
 .debug_macro   0x0000a43a       0x6a C:\Users\admin\AppData\Local\Temp\ccVEjFZU.debug.temp.o
 .debug_macro   0x0000a4a4     0x6f7f C:\Users\admin\AppData\Local\Temp\ccVEjFZU.debug.temp.o
 .debug_macro   0x00011423       0xae C:\Users\admin\AppData\Local\Temp\cc1iUV8a.debug.temp.o
 .debug_macro   0x000114d1       0xa6 C:\Users\admin\AppData\Local\Temp\cc1iUV8a.debug.temp.o
 .debug_macro   0x00011577       0x10 C:\Users\admin\AppData\Local\Temp\cc1iUV8a.debug.temp.o
 .debug_macro   0x00011587      0x13b C:\Users\admin\AppData\Local\Temp\cc1iUV8a.debug.temp.o
 .debug_macro   0x000116c2      0x226 C:\Users\admin\AppData\Local\Temp\cc5XXkpq.debug.temp.o
 .debug_macro   0x000118e8       0x5e C:\Users\admin\AppData\Local\Temp\cc5XXkpq.debug.temp.o
 .debug_macro   0x00011946       0x3a C:\Users\admin\AppData\Local\Temp\cc5XXkpq.debug.temp.o
 .debug_macro   0x00011980       0x28 C:\Users\admin\AppData\Local\Temp\cc5XXkpq.debug.temp.o
 .debug_macro   0x000119a8      0x216 C:\Users\admin\AppData\Local\Temp\ccBpXw8E.debug.temp.o
 .debug_macro   0x00011bbe       0x86 C:\Users\admin\AppData\Local\Temp\ccKoxdFh.debug.temp.o
